Component: ARM Compiler 5.06 update 5 (build 528) Tool: armlink [4d35e2]

==============================================================================

Section Cross References

    main.o(i.ADC1_CMP_IRQHandler) refers to at32f421_wdt.o(i.wdt_counter_reload) for wdt_counter_reload
    main.o(i.ADC1_CMP_IRQHandler) refers to at32f421_adc.o(i.adc_ordinary_conversion_data_get) for adc_ordinary_conversion_data_get
    main.o(i.ADC1_CMP_IRQHandler) refers to at32f421_gpio.o(i.gpio_input_data_bit_read) for gpio_input_data_bit_read
    main.o(i.ADC1_CMP_IRQHandler) refers to main.o(.data) for sensor_index
    main.o(i.ADC_GetConversion) refers to main.o(.data) for adc_result_0
    main.o(i.PIN_FUN_STATE_GetValue) refers to main.o(.data) for fun_result
    main.o(i.TMR6_GLOBAL_IRQHandler) refers to main.o(i.ms_tick) for ms_tick
    main.o(i.TMR6_GLOBAL_IRQHandler) refers to main.o(i.zummer_switch) for zummer_switch
    main.o(i.TMR6_GLOBAL_IRQHandler) refers to at32f421_tmr.o(i.tmr_period_value_set) for tmr_period_value_set
    main.o(i.TMR6_GLOBAL_IRQHandler) refers to main.o(.data) for i
    main.o(i.autorotation_work) refers to main.o(i.open) for open
    main.o(i.autorotation_work) refers to main.o(i.close) for close
    main.o(i.autorotation_work) refers to main.o(.data) for time_rotation
    main.o(i.beep_double) refers to main.o(i.beep_short) for beep_short
    main.o(i.beep_double) refers to main.o(i.beep_long) for beep_long
    main.o(i.beep_double) refers to main.o(.data) for ff
    main.o(i.beep_long) refers to main.o(i.start_tone) for start_tone
    main.o(i.beep_long) refers to main.o(.data) for beep_long_count
    main.o(i.beep_short) refers to main.o(i.start_tone) for start_tone
    main.o(i.beep_short) refers to main.o(.data) for beep_short_count
    main.o(i.clear_alarm) refers to main.o(.data) for ff
    main.o(i.close) refers to flash.o(i.flash_write) for flash_write
    main.o(i.close) refers to main.o(i.go_close) for go_close
    main.o(i.close) refers to main.o(.data) for ff
    main.o(i.close) refers to main.o(.bss) for buffer_write
    main.o(i.fun_work) refers to main.o(i.open) for open
    main.o(i.fun_work) refers to main.o(i.close) for close
    main.o(i.fun_work) refers to main.o(.data) for ff
    main.o(i.get_fun) refers to main.o(i.PIN_FUN_STATE_GetValue) for PIN_FUN_STATE_GetValue
    main.o(i.get_fun) refers to main.o(.data) for ff
    main.o(i.get_wsp) refers to main.o(i.ADC_GetConversion) for ADC_GetConversion
    main.o(i.get_wsp) refers to at32f421_gpio.o(i.gpio_bits_reset) for gpio_bits_reset
    main.o(i.get_wsp) refers to main.o(i.start_alarm) for start_alarm
    main.o(i.get_wsp) refers to main.o(i.clear_alarm) for clear_alarm
    main.o(i.get_wsp) refers to main.o(.data) for ff
    main.o(i.go_close) refers to main.o(.data) for ff
    main.o(i.go_open) refers to main.o(.data) for ff
    main.o(i.gpio_set) refers to at32f421_gpio.o(i.gpio_init) for gpio_init
    main.o(i.hardware_init) refers to at32f421_crm.o(i.crm_hick_sclk_frequency_select) for crm_hick_sclk_frequency_select
    main.o(i.hardware_init) refers to at32f421_crm.o(i.crm_clock_source_enable) for crm_clock_source_enable
    main.o(i.hardware_init) refers to at32f421_crm.o(i.crm_hick_divider_select) for crm_hick_divider_select
    main.o(i.hardware_init) refers to at32f421_crm.o(i.crm_ahb_div_set) for crm_ahb_div_set
    main.o(i.hardware_init) refers to at32f421_crm.o(i.crm_periph_clock_enable) for crm_periph_clock_enable
    main.o(i.hardware_init) refers to main.o(i.gpio_set) for gpio_set
    main.o(i.hardware_init) refers to main.o(i.timer_init) for timer_init
    main.o(i.hardware_init) refers to at32f421_misc.o(i.nvic_irq_enable) for nvic_irq_enable
    main.o(i.hardware_init) refers to at32f421_adc.o(i.adc_base_default_para_init) for adc_base_default_para_init
    main.o(i.hardware_init) refers to at32f421_adc.o(i.adc_base_config) for adc_base_config
    main.o(i.hardware_init) refers to at32f421_adc.o(i.adc_enable) for adc_enable
    main.o(i.hardware_init) refers to at32f421_adc.o(i.adc_interrupt_enable) for adc_interrupt_enable
    main.o(i.hardware_init) refers to at32f421_adc.o(i.adc_ordinary_channel_set) for adc_ordinary_channel_set
    main.o(i.hardware_init) refers to main.o(.data) for sensor_index
    main.o(i.hardware_work) refers to at32f421_gpio.o(i.gpio_bits_write) for gpio_bits_write
    main.o(i.hardware_work) refers to at32f421_gpio.o(i.gpio_bits_reset) for gpio_bits_reset
    main.o(i.hardware_work) refers to main.o(.data) for ff
    main.o(i.main) refers to main.o(i.start_setup) for start_setup
    main.o(i.main) refers to flash.o(i.flash_read) for flash_read
    main.o(i.main) refers to main.o(i.go_close) for go_close
    main.o(i.main) refers to main.o(i.go_open) for go_open
    main.o(i.main) refers to at32f421_wdt.o(i.wdt_counter_reload) for wdt_counter_reload
    main.o(i.main) refers to main.o(i.hardware_work) for hardware_work
[...]
    flash.o(i.flash_write) refers to flash.o(.bss) for flash_buf
    flash.o(i.flash_write_nocheck) refers to at32f421_flash.o(i.flash_halfword_program) for flash_halfword_program
    at32f421_adc.o(i.adc_reset) refers to at32f421_crm.o(i.crm_periph_reset) for crm_periph_reset
    at32f421_crm.o(i.crm_clocks_freq_get) refers to at32f421_crm.o(i.crm_sysclk_switch_status_get) for crm_sysclk_switch_status_get
    at32f421_crm.o(i.crm_clocks_freq_get) refers to lludivv7m.o(.text) for __aeabi_uldivmod
    at32f421_crm.o(i.crm_clocks_freq_get) refers to at32f421_crm.o(.constdata) for sclk_ahb_div_table
    at32f421_crm.o(i.crm_hext_stable_wait) refers to at32f421_crm.o(i.crm_flag_get) for crm_flag_get
    at32f421_crm.o(i.crm_hick_sclk_frequency_select) refers to at32f421_crm.o(i.crm_hick_divider_select) for crm_hick_divider_select
    at32f421_gpio.o(i.gpio_reset) refers to at32f421_crm.o(i.crm_periph_reset) for crm_periph_reset
    at32f421_tmr.o(i.tmr_external_clock_mode1_config) refers to at32f421_tmr.o(i.tmr_external_clock_config) for tmr_external_clock_config
    at32f421_tmr.o(i.tmr_external_clock_mode2_config) refers to at32f421_tmr.o(i.tmr_external_clock_config) for tmr_external_clock_config
    at32f421_tmr.o(i.tmr_reset) refers to at32f421_crm.o(i.crm_periph_reset) for crm_periph_reset
    startup_at32f421.o(STACK) refers (Special) to heapauxi.o(.text) for __use_two_region_memory
    startup_at32f421.o(HEAP) refers (Special) to heapauxi.o(.text) for __use_two_region_memory
    startup_at32f421.o(RESET) refers (Special) to heapauxi.o(.text) for __use_two_region_memory
    startup_at32f421.o(RESET) refers to startup_at32f421.o(STACK) for __initial_sp
    startup_at32f421.o(RESET) refers to startup_at32f421.o(.text) for Reset_Handler
    startup_at32f421.o(RESET) refers to main.o(i.ADC1_CMP_IRQHandler) for ADC1_CMP_IRQHandler
    startup_at32f421.o(RESET) refers to main.o(i.TMR6_GLOBAL_IRQHandler) for TMR6_GLOBAL_IRQHandler
    startup_at32f421.o(.text) refers (Special) to heapauxi.o(.text) for __use_two_region_memory
    startup_at32f421.o(.text) refers to system_at32f421.o(i.SystemInit) for SystemInit
    startup_at32f421.o(.text) refers to __main.o(!!!main) for __main
    startup_at32f421.o(.text) refers to startup_at32f421.o(HEAP) for Heap_Mem
    startup_at32f421.o(.text) refers to startup_at32f421.o(STACK) for Stack_Mem
    system_at32f421.o(i.system_core_clock_update) refers to at32f421_crm.o(i.crm_sysclk_switch_status_get) for crm_sysclk_switch_status_get
    system_at32f421.o(i.system_core_clock_update) refers to lludivv7m.o(.text) for __aeabi_uldivmod
    system_at32f421.o(i.system_core_clock_update) refers to system_at32f421.o(.data) for system_core_clock
    system_at32f421.o(i.system_core_clock_update) refers to system_at32f421.o(.constdata) for sys_ahb_div_table
    at32f421_flash.o(i.flash_boot_memory_extension_mode_enable) refers to at32f421_flash.o(i.flash_operation_wait_for) for flash_operation_wait_for
    at32f421_flash.o(i.flash_byte_program) refers to at32f421_flash.o(i.flash_operation_wait_for) for flash_operation_wait_for
    at32f421_flash.o(i.flash_crc_calibrate) refers to at32f421_flash.o(i.flash_operation_wait_for) for flash_operation_wait_for
    at32f421_flash.o(i.flash_epp_set) refers to at32f421_flash.o(i.flash_operation_wait_for) for flash_operation_wait_for
    at32f421_flash.o(i.flash_epp_set) refers to at32f421_flash.o(.constdata) for .constdata
    at32f421_flash.o(i.flash_extension_memory_slib_enable) refers to at32f421_flash.o(i.flash_operation_wait_for) for flash_operation_wait_for
    at32f421_flash.o(i.flash_fap_enable) refers to at32f421_flash.o(i.flash_operation_wait_for) for flash_operation_wait_for
    at32f421_flash.o(i.flash_fap_high_level_enable) refers to at32f421_flash.o(i.flash_operation_wait_for) for flash_operation_wait_for
    at32f421_flash.o(i.flash_halfword_program) refers to at32f421_flash.o(i.flash_operation_wait_for) for flash_operation_wait_for
    at32f421_flash.o(i.flash_internal_all_erase) refers to at32f421_flash.o(i.flash_operation_wait_for) for flash_operation_wait_for
    at32f421_flash.o(i.flash_operation_wait_for) refers to at32f421_flash.o(i.flash_operation_status_get) for flash_operation_status_get
    at32f421_flash.o(i.flash_sector_erase) refers to at32f421_flash.o(i.flash_operation_wait_for) for flash_operation_wait_for
    at32f421_flash.o(i.flash_slib_disable) refers to at32f421_flash.o(i.flash_operation_wait_for) for flash_operation_wait_for
    at32f421_flash.o(i.flash_slib_enable) refers to at32f421_flash.o(i.flash_operation_wait_for) for flash_operation_wait_for
    at32f421_flash.o(i.flash_ssb_set) refers to at32f421_flash.o(i.flash_operation_wait_for) for flash_operation_wait_for
    at32f421_flash.o(i.flash_user_system_data_erase) refers to at32f421_flash.o(i.flash_fap_status_get) for flash_fap_status_get
    at32f421_flash.o(i.flash_user_system_data_erase) refers to at32f421_flash.o(i.flash_operation_wait_for) for flash_operation_wait_for
    at32f421_flash.o(i.flash_user_system_data_program) refers to at32f421_flash.o(i.flash_operation_wait_for) for flash_operation_wait_for
    at32f421_flash.o(i.flash_word_program) refers to at32f421_flash.o(i.flash_operation_wait_for) for flash_operation_wait_for
    __main.o(!!!main) refers to __rtentry.o(.ARM.Collect$$rtentry$$00000000) for __rt_entry
    __rtentry.o(.ARM.Collect$$rtentry$$00000000) refers (Special) to __rtentry2.o(.ARM.Collect$$rtentry$$0000000A) for __rt_entry_li
    __rtentry.o(.ARM.Collect$$rtentry$$00000000) refers (Special) to __rtentry2.o(.ARM.Collect$$rtentry$$0000000D) for __rt_entry_main
    __rtentry.o(.ARM.Collect$$rtentry$$00000000) refers (Special) to __rtentry2.o(.ARM.Collect$$rtentry$$0000000C) for __rt_entry_postli_1
    __rtentry.o(.ARM.Collect$$rtentry$$00000000) refers (Special) to __rtentry2.o(.ARM.Collect$$rtentry$$00000009) for __rt_entry_postsh_1
    __rtentry.o(.ARM.Collect$$rtentry$$00000000) refers (Special) to __rtentry2.o(.ARM.Collect$$rtentry$$00000002) for __rt_entry_presh_1
    __rtentry.o(.ARM.Collect$$rtentry$$00000000) refers (Special) to __rtentry4.o(.ARM.Collect$$rtentry$$00000004) for __rt_entry_sh
    aeabi_ldiv0_sigfpe.o(.text) refers to rt_div0.o(.text) for __rt_div0
    __rtentry2.o(.ARM.Collect$$rtentry$$00000008) refers to boardinit2.o(.text) for _platform_post_stackheap_init
    __rtentry2.o(.ARM.Collect$$rtentry$$0000000A) refers to libinit.o(.ARM.Collect$$libinit$$00000000) for __rt_lib_init
    __rtentry2.o(.ARM.Collect$$rtentry$$0000000B) refers to boardinit3.o(.text) for _platform_post_lib_init
    __rtentry2.o(.ARM.Collect$$rtentry$$0000000D) refers to main.o(i.main) for main
    __rtentry2.o(.ARM.Collect$$rtentry$$0000000D) refers to exit.o(.text) for exit
    __rtentry2.o(.ARM.exidx) refers to __rtentry2.o(.ARM.Collect$$rtentry$$00000001) for .ARM.Collect$$rtentry$$00000001
    __rtentry2.o(.ARM.exidx) refers to __rtentry2.o(.ARM.Collect$$rtentry$$00000008) for .ARM.Collect$$rtentry$$00000008
    __rtentry2.o(.ARM.exidx) refers to __rtentry2.o(.ARM.Collect$$rtentry$$0000000A) for .ARM.Collect$$rtentry$$0000000A
    __rtentry2.o(.ARM.exidx) refers to __rtentry2.o(.ARM.Collect$$rtentry$$0000000B) for .ARM.Collect$$rtentry$$0000000B
    __rtentry2.o(.ARM.exidx) refers to __rtentry2.o(.ARM.Collect$$rtentry$$0000000D) for .ARM.Collect$$rtentry$$0000000D
    __rtentry4.o(.ARM.Collect$$rtentry$$00000004) refers to sys_stackheap_outer.o(.text) for __user_setup_stackheap
    __rtentry4.o(.ARM.exidx) refers to __rtentry4.o(.ARM.Collect$$rtentry$$00000004) for .ARM.Collect$$rtentry$$00000004
    rt_div0.o(.text) refers to defsig_fpe_outer.o(.text) for __rt_SIGFPE
    sys_stackheap_outer.o(.text) refers to libspace.o(.text) for __user_perproc_libspace
    sys_stackheap_outer.o(.text) refers to startup_at32f421.o(.text) for __user_initial_stackheap
    exit.o(.text) refers to rtexit.o(.ARM.Collect$$rtexit$$00000000) for __rt_exit
    defsig_fpe_outer.o(.text) refers to defsig_fpe_inner.o(.text) for __rt_SIGFPE_inner
    defsig_fpe_outer.o(.text) refers to defsig_exit.o(.text) for __sig_exit
    defsig_fpe_formal.o(.text) refers to rt_raise.o(.text) for __rt_raise
    libinit.o(.ARM.Collect$$libinit$$00000000) refers (Special) to libinit2.o(.ARM.Collect$$libinit$$0000002E) for __rt_lib_init_alloca_1
    libinit.o(.ARM.Collect$$libinit$$00000000) refers (Special) to libinit2.o(.ARM.Collect$$libinit$$0000002C) for __rt_lib_init_argv_1
    libinit.o(.ARM.Collect$$libinit$$00000000) refers (Special) to libinit2.o(.ARM.Collect$$libinit$$0000001B) for __rt_lib_init_atexit_1
    libinit.o(.ARM.Collect$$libinit$$00000000) refers (Special) to libinit2.o(.ARM.Collect$$libinit$$00000021) for __rt_lib_init_clock_1
    libinit.o(.ARM.Collect$$libinit$$00000000) refers (Special) to libinit2.o(.ARM.Collect$$libinit$$00000032) for __rt_lib_init_cpp_1
    libinit.o(.ARM.Collect$$libinit$$00000000) refers (Special) to libinit2.o(.ARM.Collect$$libinit$$00000030) for __rt_lib_init_exceptions_1
    libinit.o(.ARM.Collect$$libinit$$00000000) refers (Special) to libinit2.o(.ARM.Collect$$libinit$$00000002) for __rt_lib_init_fp_1
    libinit.o(.ARM.Collect$$libinit$$00000000) refers (Special) to libinit2.o(.ARM.Collect$$libinit$$0000001F) for __rt_lib_init_fp_trap_1
    libinit.o(.ARM.Collect$$libinit$$00000000) refers (Special) to libinit2.o(.ARM.Collect$$libinit$$00000023) for __rt_lib_init_getenv_1
    libinit.o(.ARM.Collect$$libinit$$00000000) refers (Special) to libinit2.o(.ARM.Collect$$libinit$$0000000A) for __rt_lib_init_heap_1
    libinit.o(.ARM.Collect$$libinit$$00000000) refers (Special) to libinit2.o(.ARM.Collect$$libinit$$00000011) for __rt_lib_init_lc_collate_1
    libinit.o(.ARM.Collect$$libinit$$00000000) refers (Special) to libinit2.o(.ARM.Collect$$libinit$$00000013) for __rt_lib_init_lc_ctype_1
    libinit.o(.ARM.Collect$$libinit$$00000000) refers (Special) to libinit2.o(.ARM.Collect$$libinit$$00000015) for __rt_lib_init_lc_monetary_1
    libinit.o(.ARM.Collect$$libinit$$00000000) refers (Special) to libinit2.o(.ARM.Collect$$libinit$$00000017) for __rt_lib_init_lc_numeric_1
    libinit.o(.ARM.Collect$$libinit$$00000000) refers (Special) to libinit2.o(.ARM.Collect$$libinit$$00000019) for __rt_lib_init_lc_time_1
    libinit.o(.ARM.Collect$$libinit$$00000000) refers (Special) to libinit2.o(.ARM.Collect$$libinit$$00000004) for __rt_lib_init_preinit_1
    libinit.o(.ARM.Collect$$libinit$$00000000) refers (Special) to libinit2.o(.ARM.Collect$$libinit$$0000000E) for __rt_lib_init_rand_1
    libinit.o(.ARM.Collect$$libinit$$00000000) refers (Special) to libinit2.o(.ARM.Collect$$libinit$$00000033) for __rt_lib_init_return
    libinit.o(.ARM.Collect$$libinit$$00000000) refers (Special) to libinit2.o(.ARM.Collect$$libinit$$0000001D) for __rt_lib_init_signal_1
    libinit.o(.ARM.Collect$$libinit$$00000000) refers (Special) to libinit2.o(.ARM.Collect$$libinit$$00000025) for __rt_lib_init_stdio_1
    libinit.o(.ARM.Collect$$libinit$$00000000) refers (Special) to libinit2.o(.ARM.Collect$$libinit$$0000000C) for __rt_lib_init_user_alloc_1
    libspace.o(.text) refers to libspace.o(.bss) for __libspace_start
    rtexit.o(.ARM.Collect$$rtexit$$00000000) refers (Special) to rtexit2.o(.ARM.Collect$$rtexit$$00000004) for __rt_exit_exit
    rtexit.o(.ARM.Collect$$rtexit$$00000000) refers (Special) to rtexit2.o(.ARM.Collect$$rtexit$$00000003) for __rt_exit_ls
    rtexit.o(.ARM.Collect$$rtexit$$00000000) refers (Special) to rtexit2.o(.ARM.Collect$$rtexit$$00000002) for __rt_exit_prels_1
    rtexit.o(.ARM.exidx) refers (Special) to rtexit2.o(.ARM.Collect$$rtexit$$00000004) for __rt_exit_exit
    rtexit.o(.ARM.exidx) refers (Special) to rtexit2.o(.ARM.Collect$$rtexit$$00000003) for __rt_exit_ls
    rtexit.o(.ARM.exidx) refers (Special) to rtexit2.o(.ARM.Collect$$rtexit$$00000002) for __rt_exit_prels_1
    rtexit.o(.ARM.exidx) refers to rtexit.o(.ARM.Collect$$rtexit$$00000000) for .ARM.Collect$$rtexit$$00000000
    rt_raise.o(.text) refers to __raise.o(.text) for __raise
    rt_raise.o(.text) refers to sys_exit.o(.text) for _sys_exit
    defsig_exit.o(.text) refers to sys_exit.o(.text) for _sys_exit
    defsig_fpe_inner.o(.text) refers to defsig_general.o(.text) for __default_signal_display
    libinit2.o(.ARM.Collect$$libinit$$00000010) refers to libinit2.o(.ARM.Collect$$libinit$$0000000F) for .ARM.Collect$$libinit$$0000000F
    libinit2.o(.ARM.Collect$$libinit$$00000012) refers to libinit2.o(.ARM.Collect$$libinit$$0000000F) for .ARM.Collect$$libinit$$0000000F
    libinit2.o(.ARM.Collect$$libinit$$00000014) refers to libinit2.o(.ARM.Collect$$libinit$$0000000F) for .ARM.Collect$$libinit$$0000000F
    libinit2.o(.ARM.Collect$$libinit$$00000016) refers to libinit2.o(.ARM.Collect$$libinit$$0000000F) for .ARM.Collect$$libinit$$0000000F
    libinit2.o(.ARM.Collect$$libinit$$00000018) refers to libinit2.o(.ARM.Collect$$libinit$$0000000F) for .ARM.Collect$$libinit$$0000000F
    libinit2.o(.ARM.Collect$$libinit$$00000026) refers to argv_veneer.o(.emb_text) for __ARM_argv_veneer
    libinit2.o(.ARM.Collect$$libinit$$00000027) refers to argv_veneer.o(.emb_text) for __ARM_argv_veneer
    sys_exit.o(.text) refers (Special) to use_no_semi.o(.text) for __I$use$semihosting
    sys_exit.o(.text) refers (Special) to indicate_semi.o(.text) for __semihosting_library_function
    rtexit2.o(.ARM.Collect$$rtexit$$00000003) refers to libshutdown.o(.ARM.Collect$$libshutdown$$00000000) for __rt_lib_shutdown
    rtexit2.o(.ARM.Collect$$rtexit$$00000004) refers to sys_exit.o(.text) for _sys_exit
    rtexit2.o(.ARM.exidx) refers to rtexit2.o(.ARM.Collect$$rtexit$$00000001) for .ARM.Collect$$rtexit$$00000001
    rtexit2.o(.ARM.exidx) refers to rtexit2.o(.ARM.Collect$$rtexit$$00000003) for .ARM.Collect$$rtexit$$00000003
    rtexit2.o(.ARM.exidx) refers to rtexit2.o(.ARM.Collect$$rtexit$$00000004) for .ARM.Collect$$rtexit$$00000004
    __raise.o(.text) refers to defsig.o(CL$$defsig) for __default_signal_handler
    defsig_general.o(.text) refers to sys_wrch.o(.text) for _ttywrch
    argv_veneer.o(.emb_text) refers to no_argv.o(.text) for __ARM_get_argv
    sys_wrch.o(.text) refers (Special) to use_no_semi.o(.text) for __I$use$semihosting
    sys_wrch.o(.text) refers (Special) to indicate_semi.o(.text) for __semihosting_library_function
    defsig.o(CL$$defsig) refers to defsig_fpe_inner.o(.text) for __rt_SIGFPE_inner
    defsig.o(CL$$defsig) refers to defsig_rtmem_inner.o(.text) for __rt_SIGRTMEM_inner
    _get_argv_nomalloc.o(.text) refers (Special) to hrguard.o(.text) for __heap_region$guard
    _get_argv_nomalloc.o(.text) refers to defsig_rtmem_outer.o(.text) for __rt_SIGRTMEM
    _get_argv_nomalloc.o(.text) refers to sys_command.o(.text) for _sys_command_string
    libshutdown.o(.ARM.Collect$$libshutdown$$00000000) refers (Special) to libshutdown2.o(.ARM.Collect$$libshutdown$$00000002) for __rt_lib_shutdown_cpp_1
    libshutdown.o(.ARM.Collect$$libshutdown$$00000000) refers (Special) to libshutdown2.o(.ARM.Collect$$libshutdown$$00000007) for __rt_lib_shutdown_fp_trap_1
    libshutdown.o(.ARM.Collect$$libshutdown$$00000000) refers (Special) to libshutdown2.o(.ARM.Collect$$libshutdown$$0000000F) for __rt_lib_shutdown_heap_1
    libshutdown.o(.ARM.Collect$$libshutdown$$00000000) refers (Special) to libshutdown2.o(.ARM.Collect$$libshutdown$$00000010) for __rt_lib_shutdown_return
    libshutdown.o(.ARM.Collect$$libshutdown$$00000000) refers (Special) to libshutdown2.o(.ARM.Collect$$libshutdown$$0000000A) for __rt_lib_shutdown_signal_1
    libshutdown.o(.ARM.Collect$$libshutdown$$00000000) refers (Special) to libshutdown2.o(.ARM.Collect$$libshutdown$$00000004) for __rt_lib_shutdown_stdio_1
    libshutdown.o(.ARM.Collect$$libshutdown$$00000000) refers (Special) to libshutdown2.o(.ARM.Collect$$libshutdown$$0000000C) for __rt_lib_shutdown_user_alloc_1
    sys_command.o(.text) refers (Special) to use_no_semi.o(.text) for __I$use$semihosting
    sys_command.o(.text) refers (Special) to indicate_semi.o(.text) for __semihosting_library_function
    defsig_abrt_inner.o(.text) refers to defsig_general.o(.text) for __default_signal_display
    defsig_rtred_inner.o(.text) refers to defsig_general.o(.text) for __default_signal_display
    defsig_rtmem_inner.o(.text) refers to defsig_general.o(.text) for __default_signal_display
    defsig_rtmem_outer.o(.text) refers to defsig_rtmem_inner.o(.text) for __rt_SIGRTMEM_inner
    defsig_rtmem_outer.o(.text) refers to defsig_exit.o(.text) for __sig_exit
    defsig_rtmem_formal.o(.text) refers to rt_raise.o(.text) for __rt_raise
    defsig_stak_inner.o(.text) refers to defsig_general.o(.text) for __default_signal_display
    defsig_pvfn_inner.o(.text) refers to defsig_general.o(.text) for __default_signal_display
    defsig_cppl_inner.o(.text) refers to defsig_general.o(.text) for __default_signal_display
    defsig_segv_inner.o(.text) refers to defsig_general.o(.text) for __default_signal_display
    defsig_other.o(.text) refers to defsig_general.o(.text) for __default_signal_display


==============================================================================

Removing Unused input sections from the image.

    Removing main.o(.rev16_text), (4 bytes).
    Removing main.o(.revsh_text), (4 bytes).
    Removing main.o(.rrx_text), (6 bytes).
    Removing main.o(.constdata), (36 bytes).
    Removing flash.o(.rev16_text), (4 bytes).
    Removing flash.o(.revsh_text), (4 bytes).
    Removing flash.o(.rrx_text), (6 bytes).
    Removing at32f421_adc.o(.rev16_text), (4 bytes).
    Removing at32f421_adc.o(.revsh_text), (4 bytes).
    Removing at32f421_adc.o(.rrx_text), (6 bytes).
    Removing at32f421_adc.o(i.adc_calibration_init), (12 bytes).
    Removing at32f421_adc.o(i.adc_calibration_init_status_get), (18 bytes).
    Removing at32f421_adc.o(i.adc_calibration_start), (12 bytes).
    Removing at32f421_adc.o(i.adc_calibration_status_get), (18 bytes).
    Removing at32f421_adc.o(i.adc_dma_mode_enable), (10 bytes).
    Removing at32f421_adc.o(i.adc_flag_clear), (6 bytes).
    Removing at32f421_adc.o(i.adc_flag_get), (16 bytes).
    Removing at32f421_adc.o(i.adc_ordinary_part_count_set), (12 bytes).
    Removing at32f421_adc.o(i.adc_ordinary_part_mode_enable), (10 bytes).
    Removing at32f421_adc.o(i.adc_ordinary_software_trigger_enable), (10 bytes).
    Removing at32f421_adc.o(i.adc_ordinary_software_trigger_status_get), (18 bytes).
    Removing at32f421_adc.o(i.adc_preempt_auto_mode_enable), (10 bytes).
    Removing at32f421_adc.o(i.adc_preempt_channel_length_set), (12 bytes).
    Removing at32f421_adc.o(i.adc_preempt_channel_set), (290 bytes).
    Removing at32f421_adc.o(i.adc_preempt_conversion_data_get), (50 bytes).
    Removing at32f421_adc.o(i.adc_preempt_conversion_trigger_set), (52 bytes).
    Removing at32f421_adc.o(i.adc_preempt_offset_value_set), (62 bytes).
    Removing at32f421_adc.o(i.adc_preempt_part_mode_enable), (10 bytes).
    Removing at32f421_adc.o(i.adc_preempt_software_trigger_enable), (10 bytes).
    Removing at32f421_adc.o(i.adc_preempt_software_trigger_status_get), (18 bytes).
    Removing at32f421_adc.o(i.adc_reset), (36 bytes).
    Removing at32f421_adc.o(i.adc_tempersensor_vintrv_enable), (20 bytes).
    Removing at32f421_adc.o(i.adc_voltage_monitor_enable), (32 bytes).
    Removing at32f421_adc.o(i.adc_voltage_monitor_single_channel_select), (10 bytes).
    Removing at32f421_adc.o(i.adc_voltage_monitor_threshold_value_set), (18 bytes).
    Removing at32f421_crm.o(.rev16_text), (4 bytes).
    Removing at32f421_crm.o(.revsh_text), (4 bytes).
    Removing at32f421_crm.o(.rrx_text), (6 bytes).
    Removing at32f421_crm.o(i.crm_adc_clock_div_set), (32 bytes).
    Removing at32f421_crm.o(i.crm_apb1_div_set), (20 bytes).
    Removing at32f421_crm.o(i.crm_apb2_div_set), (20 bytes).
    Removing at32f421_crm.o(i.crm_auto_step_mode_enable), (40 bytes).
    Removing at32f421_crm.o(i.crm_battery_powered_domain_reset), (20 bytes).
    Removing at32f421_crm.o(i.crm_clkout_div_set), (20 bytes).
    Removing at32f421_crm.o(i.crm_clock_failure_detection_enable), (20 bytes).
    Removing at32f421_crm.o(i.crm_clock_out_set), (32 bytes).
    Removing at32f421_crm.o(i.crm_clocks_freq_get), (428 bytes).
    Removing at32f421_crm.o(i.crm_ertc_clock_enable), (20 bytes).
    Removing at32f421_crm.o(i.crm_ertc_clock_select), (20 bytes).
    Removing at32f421_crm.o(i.crm_flag_clear), (200 bytes).
    Removing at32f421_crm.o(i.crm_flag_get), (48 bytes).
    Removing at32f421_crm.o(i.crm_hext_bypass), (20 bytes).
    Removing at32f421_crm.o(i.crm_hext_stable_wait), (46 bytes).
    Removing at32f421_crm.o(i.crm_hick_clock_calibration_set), (40 bytes).
    Removing at32f421_crm.o(i.crm_hick_clock_trimming_set), (20 bytes).
    Removing at32f421_crm.o(i.crm_interrupt_enable), (32 bytes).
    Removing at32f421_crm.o(i.crm_lext_bypass), (20 bytes).
    Removing at32f421_crm.o(i.crm_periph_reset), (68 bytes).
    Removing at32f421_crm.o(i.crm_periph_sleep_mode_clock_enable), (68 bytes).
    Removing at32f421_crm.o(i.crm_pll_config), (264 bytes).
    Removing at32f421_crm.o(i.crm_pll_config2), (120 bytes).
    Removing at32f421_crm.o(i.crm_reset), (100 bytes).
    Removing at32f421_crm.o(i.crm_sysclk_switch), (20 bytes).
    Removing at32f421_crm.o(i.crm_sysclk_switch_status_get), (16 bytes).
    Removing at32f421_crm.o(.constdata), (40 bytes).
    Removing at32f421_gpio.o(.rev16_text), (4 bytes).
    Removing at32f421_gpio.o(.revsh_text), (4 bytes).
    Removing at32f421_gpio.o(.rrx_text), (6 bytes).
    Removing at32f421_gpio.o(i.gpio_default_para_init), (20 bytes).
    Removing at32f421_gpio.o(i.gpio_input_data_read), (8 bytes).
    Removing at32f421_gpio.o(i.gpio_output_data_bit_read), (18 bytes).
    Removing at32f421_gpio.o(i.gpio_output_data_read), (8 bytes).
    Removing at32f421_gpio.o(i.gpio_pin_mux_config), (66 bytes).
    Removing at32f421_gpio.o(i.gpio_pin_wp_config), (18 bytes).
    Removing at32f421_gpio.o(i.gpio_pins_huge_driven_config), (18 bytes).
    Removing at32f421_gpio.o(i.gpio_port_wirte), (4 bytes).
    Removing at32f421_gpio.o(i.gpio_reset), (128 bytes).
    Removing at32f421_misc.o(.rev16_text), (4 bytes).
    Removing at32f421_misc.o(.revsh_text), (4 bytes).
    Removing at32f421_misc.o(.rrx_text), (6 bytes).
    Removing at32f421_misc.o(i.nvic_irq_disable), (44 bytes).
    Removing at32f421_misc.o(i.nvic_lowpower_mode_config), (32 bytes).
    Removing at32f421_misc.o(i.nvic_priority_group_config), (40 bytes).
    Removing at32f421_misc.o(i.nvic_system_reset), (44 bytes).
    Removing at32f421_misc.o(i.nvic_vector_table_set), (20 bytes).
    Removing at32f421_misc.o(i.systick_clock_source_config), (40 bytes).
    Removing at32f421_tmr.o(.rev16_text), (4 bytes).
    Removing at32f421_tmr.o(.revsh_text), (4 bytes).
    Removing at32f421_tmr.o(.rrx_text), (6 bytes).
    Removing at32f421_tmr.o(i.tmr_brkdt_config), (72 bytes).
    Removing at32f421_tmr.o(i.tmr_brkdt_default_para_init), (18 bytes).
    Removing at32f421_tmr.o(i.tmr_channel1_input_select), (10 bytes).
    Removing at32f421_tmr.o(i.tmr_channel_dma_select), (10 bytes).
    Removing at32f421_tmr.o(i.tmr_channel_enable), (96 bytes).
    Removing at32f421_tmr.o(i.tmr_channel_value_get), (46 bytes).
    Removing at32f421_tmr.o(i.tmr_channel_value_set), (40 bytes).
    Removing at32f421_tmr.o(i.tmr_clock_source_div_set), (10 bytes).
    Removing at32f421_tmr.o(i.tmr_cnt_dir_set), (10 bytes).
    Removing at32f421_tmr.o(i.tmr_counter_value_get), (6 bytes).
    Removing at32f421_tmr.o(i.tmr_counter_value_set), (4 bytes).
    Removing at32f421_tmr.o(i.tmr_div_value_get), (6 bytes).
    Removing at32f421_tmr.o(i.tmr_div_value_set), (4 bytes).
    Removing at32f421_tmr.o(i.tmr_dma_control_config), (18 bytes).
    Removing at32f421_tmr.o(i.tmr_dma_request_enable), (22 bytes).
    Removing at32f421_tmr.o(i.tmr_encoder_mode_config), (70 bytes).
    Removing at32f421_tmr.o(i.tmr_event_sw_trigger), (8 bytes).
    Removing at32f421_tmr.o(i.tmr_external_clock_config), (28 bytes).
    Removing at32f421_tmr.o(i.tmr_external_clock_mode1_config), (44 bytes).
    Removing at32f421_tmr.o(i.tmr_external_clock_mode2_config), (36 bytes).
    Removing at32f421_tmr.o(i.tmr_flag_clear), (6 bytes).
    Removing at32f421_tmr.o(i.tmr_flag_get), (18 bytes).
    Removing at32f421_tmr.o(i.tmr_force_output_set), (66 bytes).
    Removing at32f421_tmr.o(i.tmr_hall_select), (10 bytes).
    Removing at32f421_tmr.o(i.tmr_input_channel_divider_set), (66 bytes).
    Removing at32f421_tmr.o(i.tmr_input_channel_filter_set), (66 bytes).
    Removing at32f421_tmr.o(i.tmr_input_channel_init), (270 bytes).
    Removing at32f421_tmr.o(i.tmr_input_default_para_init), (16 bytes).
    Removing at32f421_tmr.o(i.tmr_internal_clock_set), (10 bytes).
    Removing at32f421_tmr.o(i.tmr_interrupt_enable), (22 bytes).
    Removing at32f421_tmr.o(i.tmr_iremap_config), (10 bytes).
    Removing at32f421_tmr.o(i.tmr_one_cycle_mode_enable), (10 bytes).
    Removing at32f421_tmr.o(i.tmr_output_channel_buffer_enable), (66 bytes).
    Removing at32f421_tmr.o(i.tmr_output_channel_config), (236 bytes).
    Removing at32f421_tmr.o(i.tmr_output_channel_immediately_set), (66 bytes).
    Removing at32f421_tmr.o(i.tmr_output_channel_mode_select), (66 bytes).
    Removing at32f421_tmr.o(i.tmr_output_channel_polarity_set), (96 bytes).
    Removing at32f421_tmr.o(i.tmr_output_channel_switch_set), (66 bytes).
    Removing at32f421_tmr.o(i.tmr_output_default_para_init), (18 bytes).
    Removing at32f421_tmr.o(i.tmr_output_enable), (10 bytes).
    Removing at32f421_tmr.o(i.tmr_overflow_event_disable), (10 bytes).
    Removing at32f421_tmr.o(i.tmr_overflow_request_source_set), (10 bytes).
    Removing at32f421_tmr.o(i.tmr_period_buffer_enable), (10 bytes).
    Removing at32f421_tmr.o(i.tmr_period_value_get), (6 bytes).
    Removing at32f421_tmr.o(i.tmr_primary_mode_select), (10 bytes).
    Removing at32f421_tmr.o(i.tmr_pwm_input_config), (350 bytes).
    Removing at32f421_tmr.o(i.tmr_repetition_counter_set), (10 bytes).
    Removing at32f421_tmr.o(i.tmr_reset), (216 bytes).
    Removing at32f421_tmr.o(i.tmr_sub_mode_select), (10 bytes).
    Removing at32f421_tmr.o(i.tmr_sub_sync_mode_set), (10 bytes).
    Removing at32f421_tmr.o(i.tmr_trigger_input_select), (10 bytes).
    Removing at32f421_wdt.o(.rev16_text), (4 bytes).
    Removing at32f421_wdt.o(.revsh_text), (4 bytes).
    Removing at32f421_wdt.o(.rrx_text), (6 bytes).
    Removing at32f421_wdt.o(i.wdt_divider_set), (20 bytes).
    Removing at32f421_wdt.o(i.wdt_enable), (16 bytes).
    Removing at32f421_wdt.o(i.wdt_flag_get), (24 bytes).
    Removing at32f421_wdt.o(i.wdt_register_write_enable), (24 bytes).
    Removing at32f421_wdt.o(i.wdt_reload_value_set), (12 bytes).
    Removing system_at32f421.o(.rev16_text), (4 bytes).
    Removing system_at32f421.o(.revsh_text), (4 bytes).
    Removing system_at32f421.o(.rrx_text), (6 bytes).
    Removing system_at32f421.o(i.system_core_clock_update), (340 bytes).
    Removing system_at32f421.o(.constdata), (16 bytes).
    Removing system_at32f421.o(.data), (4 bytes).
    Removing at32f421_flash.o(.rev16_text), (4 bytes).
    Removing at32f421_flash.o(.revsh_text), (4 bytes).
    Removing at32f421_flash.o(.rrx_text), (6 bytes).
    Removing at32f421_flash.o(i.flash_boot_memory_extension_mode_enable), (64 bytes).
    Removing at32f421_flash.o(i.flash_byte_program), (68 bytes).
    Removing at32f421_flash.o(i.flash_crc_calibrate), (40 bytes).
    Removing at32f421_flash.o(i.flash_em_slib_inststart_sector_get), (16 bytes).
    Removing at32f421_flash.o(i.flash_epp_set), (232 bytes).
    Removing at32f421_flash.o(i.flash_epp_status_get), (12 bytes).
    Removing at32f421_flash.o(i.flash_extension_memory_slib_enable), (100 bytes).
    Removing at32f421_flash.o(i.flash_extension_memory_slib_state_get), (24 bytes).
    Removing at32f421_flash.o(i.flash_fap_enable), (156 bytes).
    Removing at32f421_flash.o(i.flash_fap_high_level_enable), (272 bytes).
    Removing at32f421_flash.o(i.flash_fap_high_level_status_get), (16 bytes).
    Removing at32f421_flash.o(i.flash_fap_status_get), (16 bytes).
    Removing at32f421_flash.o(i.flash_flag_get), (56 bytes).
    Removing at32f421_flash.o(i.flash_internal_all_erase), (72 bytes).
    Removing at32f421_flash.o(i.flash_interrupt_enable), (44 bytes).
    Removing at32f421_flash.o(i.flash_low_power_mode_enable), (20 bytes).
    Removing at32f421_flash.o(i.flash_slib_disable), (52 bytes).
    Removing at32f421_flash.o(i.flash_slib_enable), (160 bytes).
    Removing at32f421_flash.o(i.flash_slib_end_sector_get), (12 bytes).
    Removing at32f421_flash.o(i.flash_slib_inststart_sector_get), (16 bytes).
    Removing at32f421_flash.o(i.flash_slib_start_sector_get), (16 bytes).
    Removing at32f421_flash.o(i.flash_slib_state_get), (24 bytes).
    Removing at32f421_flash.o(i.flash_ssb_set), (104 bytes).
    Removing at32f421_flash.o(i.flash_ssb_status_get), (16 bytes).
    Removing at32f421_flash.o(i.flash_user_system_data_erase), (164 bytes).
    Removing at32f421_flash.o(i.flash_user_system_data_program), (100 bytes).
    Removing at32f421_flash.o(i.flash_word_program), (68 bytes).
    Removing at32f421_flash.o(.constdata), (8 bytes).

185 unused section(s) (total 8058 bytes) removed from the image.

==============================================================================

Image Symbol Table

    Local Symbols

    Symbol Name                              Value     Ov Type        Size  Object(Section)

    ../clib/angel/boardlib.s                 0x00000000   Number         0  boardinit1.o ABSOLUTE
    ../clib/angel/boardlib.s                 0x00000000   Number         0  boardshut.o ABSOLUTE
    ../clib/angel/boardlib.s                 0x00000000   Number         0  boardinit2.o ABSOLUTE
    ../clib/angel/boardlib.s                 0x00000000   Number         0  boardinit3.o ABSOLUTE
    ../clib/angel/handlers.s                 0x00000000   Number         0  __scatter_copy.o ABSOLUTE
    ../clib/angel/handlers.s                 0x00000000   Number         0  __scatter_zi.o ABSOLUTE
    ../clib/angel/kernel.s                   0x00000000   Number         0  __rtentry2.o ABSOLUTE
    ../clib/angel/kernel.s                   0x00000000   Number         0  rtexit2.o ABSOLUTE
    ../clib/angel/kernel.s                   0x00000000   Number         0  __rtentry4.o ABSOLUTE
    ../clib/angel/kernel.s                   0x00000000   Number         0  __rtentry.o ABSOLUTE
    ../clib/angel/kernel.s                   0x00000000   Number         0  rtexit.o ABSOLUTE
    ../clib/angel/rt.s                       0x00000000   Number         0  aeabi_ldiv0_sigfpe.o ABSOLUTE
    ../clib/angel/rt.s                       0x00000000   Number         0  aeabi_ldiv0.o ABSOLUTE
    ../clib/angel/rt.s                       0x00000000   Number         0  rt_raise.o ABSOLUTE
    ../clib/angel/rt.s                       0x00000000   Number         0  rt_div0.o ABSOLUTE
    ../clib/angel/scatter.s                  0x00000000   Number         0  __scatter.o ABSOLUTE
    ../clib/angel/startup.s                  0x00000000   Number         0  __main.o ABSOLUTE
    ../clib/angel/sys.s                      0x00000000   Number         0  sys_stackheap_outer.o ABSOLUTE
    ../clib/angel/sys.s                      0x00000000   Number         0  indicate_semi.o ABSOLUTE
    ../clib/angel/sys.s                      0x00000000   Number         0  use_no_semi.o ABSOLUTE
    ../clib/angel/sys.s                      0x00000000   Number         0  libspace.o ABSOLUTE
    ../clib/angel/sysapp.c                   0x00000000   Number         0  sys_wrch.o ABSOLUTE
    ../clib/angel/sysapp.c                   0x00000000   Number         0  sys_command.o ABSOLUTE
    ../clib/angel/sysapp.c                   0x00000000   Number         0  sys_exit.o ABSOLUTE
    ../clib/armsys.c                         0x00000000   Number         0  argv_veneer.o ABSOLUTE
    ../clib/armsys.c                         0x00000000   Number         0  argv_veneer.o ABSOLUTE
    ../clib/armsys.c                         0x00000000   Number         0  _get_argv_nomalloc.o ABSOLUTE
    ../clib/armsys.c                         0x00000000   Number         0  no_argv.o ABSOLUTE
    ../clib/heapalloc.c                      0x00000000   Number         0  hrguard.o ABSOLUTE
    ../clib/heapaux.c                        0x00000000   Number         0  heapauxi.o ABSOLUTE
    ../clib/libinit.s                        0x00000000   Number         0  libinit2.o ABSOLUTE
    ../clib/libinit.s                        0x00000000   Number         0  libshutdown2.o ABSOLUTE
    ../clib/libinit.s                        0x00000000   Number         0  libinit.o ABSOLUTE
    ../clib/libinit.s                        0x00000000   Number         0  libshutdown.o ABSOLUTE
    ../clib/longlong.s                       0x00000000   Number         0  lludivv7m.o ABSOLUTE
    ../clib/signal.c                         0x00000000   Number         0  defsig_exit.o ABSOLUTE
    ../clib/signal.c                         0x00000000   Number         0  defsig_fpe_outer.o ABSOLUTE
    ../clib/signal.c                         0x00000000   Number         0  defsig_fpe_formal.o ABSOLUTE
    ../clib/signal.c                         0x00000000   Number         0  defsig_other.o ABSOLUTE
    ../clib/signal.c                         0x00000000   Number         0  defsig_segv_inner.o ABSOLUTE
    ../clib/signal.c                         0x00000000   Number         0  defsig_cppl_inner.o ABSOLUTE
    ../clib/signal.c                         0x00000000   Number         0  defsig_pvfn_inner.o ABSOLUTE
    ../clib/signal.c                         0x00000000   Number         0  defsig_stak_inner.o ABSOLUTE
    ../clib/signal.c                         0x00000000   Number         0  defsig_rtmem_formal.o ABSOLUTE
    ../clib/signal.c                         0x00000000   Number         0  defsig_rtmem_inner.o ABSOLUTE
    ../clib/signal.c                         0x00000000   Number         0  defsig_rtred_inner.o ABSOLUTE
    ../clib/signal.c                         0x00000000   Number         0  defsig_abrt_inner.o ABSOLUTE
    ../clib/signal.c                         0x00000000   Number         0  defsig_rtmem_outer.o ABSOLUTE
    ../clib/signal.c                         0x00000000   Number         0  defsig_general.o ABSOLUTE
    ../clib/signal.c                         0x00000000   Number         0  __raise.o ABSOLUTE
    ../clib/signal.c                         0x00000000   Number         0  defsig_fpe_inner.o ABSOLUTE
    ../clib/signal.s                         0x00000000   Number         0  defsig.o ABSOLUTE
    ../clib/stdlib.c                         0x00000000   Number         0  exit.o ABSOLUTE
    ../fplib/fpinit.s                        0x00000000   Number         0  fpinit.o ABSOLUTE
    RTE\Device\-AT32F421K8T7\at32f421_adc.c  0x00000000   Number         0  at32f421_adc.o ABSOLUTE
    RTE\Device\-AT32F421K8T7\at32f421_crm.c  0x00000000   Number         0  at32f421_crm.o ABSOLUTE
    RTE\Device\-AT32F421K8T7\at32f421_flash.c 0x00000000   Number         0  at32f421_flash.o ABSOLUTE
    RTE\Device\-AT32F421K8T7\at32f421_gpio.c 0x00000000   Number         0  at32f421_gpio.o ABSOLUTE
    RTE\Device\-AT32F421K8T7\at32f421_misc.c 0x00000000   Number         0  at32f421_misc.o ABSOLUTE
    RTE\Device\-AT32F421K8T7\at32f421_tmr.c  0x00000000   Number         0  at32f421_tmr.o ABSOLUTE
    RTE\Device\-AT32F421K8T7\at32f421_wdt.c  0x00000000   Number         0  at32f421_wdt.o ABSOLUTE
    RTE\Device\-AT32F421K8T7\startup_at32f421.s 0x00000000   Number         0  startup_at32f421.o ABSOLUTE
    RTE\Device\-AT32F421K8T7\system_at32f421.c 0x00000000   Number         0  system_at32f421.o ABSOLUTE
    RTE\\Device\\-AT32F421K8T7\\at32f421_adc.c 0x00000000   Number         0  at32f421_adc.o ABSOLUTE
    RTE\\Device\\-AT32F421K8T7\\at32f421_crm.c 0x00000000   Number         0  at32f421_crm.o ABSOLUTE
    RTE\\Device\\-AT32F421K8T7\\at32f421_flash.c 0x00000000   Number         0  at32f421_flash.o ABSOLUTE
    RTE\\Device\\-AT32F421K8T7\\at32f421_gpio.c 0x00000000   Number         0  at32f421_gpio.o ABSOLUTE
    RTE\\Device\\-AT32F421K8T7\\at32f421_misc.c 0x00000000   Number         0  at32f421_misc.o ABSOLUTE
    RTE\\Device\\-AT32F421K8T7\\at32f421_tmr.c 0x00000000   Number         0  at32f421_tmr.o ABSOLUTE
    RTE\\Device\\-AT32F421K8T7\\at32f421_wdt.c 0x00000000   Number         0  at32f421_wdt.o ABSOLUTE
    RTE\\Device\\-AT32F421K8T7\\system_at32f421.c 0x00000000   Number         0  system_at32f421.o ABSOLUTE
    dc.s                                     0x00000000   Number         0  dc.o ABSOLUTE
    flash.c                                  0x00000000   Number         0  flash.o ABSOLUTE
    flash.c                                  0x00000000   Number         0  flash.o ABSOLUTE
    main.c                                   0x00000000   Number         0  main.o ABSOLUTE
    main.c                                   0x00000000   Number         0  main.o ABSOLUTE
    RESET                                    0x08000000   Section      204  startup_at32f421.o(RESET)
    !!!main                                  0x080000cc   Section        8  __main.o(!!!main)
    !!!scatter                               0x080000d4   Section       52  __scatter.o(!!!scatter)
    !!handler_copy                           0x08000108   Section       26  __scatter_copy.o(!!handler_copy)
    !!handler_zi                             0x08000124   Section       28  __scatter_zi.o(!!handler_zi)
    .ARM.Collect$$libinit$$00000000          0x08000140   Section        2  libinit.o(.ARM.Collect$$libinit$$00000000)
    .ARM.Collect$$libinit$$00000002          0x08000142   Section        0  libinit2.o(.ARM.Collect$$libinit$$00000002)
    .ARM.Collect$$libinit$$00000004          0x08000142   Section        0  libinit2.o(.ARM.Collect$$libinit$$00000004)
    .ARM.Collect$$libinit$$0000000A          0x08000142   Section        0  libinit2.o(.ARM.Collect$$libinit$$0000000A)
    .ARM.Collect$$libinit$$0000000C          0x08000142   Section        0  libinit2.o(.ARM.Collect$$libinit$$0000000C)
    .ARM.Collect$$libinit$$0000000E          0x08000142   Section        0  libinit2.o(.ARM.Collect$$libinit$$0000000E)
    .ARM.Collect$$libinit$$00000011          0x08000142   Section        0  libinit2.o(.ARM.Collect$$libinit$$00000011)
    .ARM.Collect$$libinit$$00000013          0x08000142   Section        0  libinit2.o(.ARM.Collect$$libinit$$00000013)
    .ARM.Collect$$libinit$$00000015          0x08000142   Section        0  libinit2.o(.ARM.Collect$$libinit$$00000015)
    .ARM.Collect$$libinit$$00000017          0x08000142   Section        0  libinit2.o(.ARM.Collect$$libinit$$00000017)
    .ARM.Collect$$libinit$$00000019          0x08000142   Section        0  libinit2.o(.ARM.Collect$$libinit$$00000019)
    .ARM.Collect$$libinit$$0000001B          0x08000142   Section        0  libinit2.o(.ARM.Collect$$libinit$$0000001B)
    .ARM.Collect$$libinit$$0000001D          0x08000142   Section        0  libinit2.o(.ARM.Collect$$libinit$$0000001D)
    .ARM.Collect$$libinit$$0000001F          0x08000142   Section        0  libinit2.o(.ARM.Collect$$libinit$$0000001F)
    .ARM.Collect$$libinit$$00000021          0x08000142   Section        0  libinit2.o(.ARM.Collect$$libinit$$00000021)
    .ARM.Collect$$libinit$$00000023          0x08000142   Section        0  libinit2.o(.ARM.Collect$$libinit$$00000023)
    .ARM.Collect$$libinit$$00000025          0x08000142   Section        0  libinit2.o(.ARM.Collect$$libinit$$00000025)
    .ARM.Collect$$libinit$$0000002C          0x08000142   Section        0  libinit2.o(.ARM.Collect$$libinit$$0000002C)
    .ARM.Collect$$libinit$$0000002E          0x08000142   Section        0  libinit2.o(.ARM.Collect$$libinit$$0000002E)
    .ARM.Collect$$libinit$$00000030          0x08000142   Section        0  libinit2.o(.ARM.Collect$$libinit$$00000030)
    .ARM.Collect$$libinit$$00000032          0x08000142   Section        0  libinit2.o(.ARM.Collect$$libinit$$00000032)
    .ARM.Collect$$libinit$$00000033          0x08000142   Section        2  libinit2.o(.ARM.Collect$$libinit$$00000033)
    .ARM.Collect$$libshutdown$$00000000      0x08000144   Section        2  libshutdown.o(.ARM.Collect$$libshutdown$$00000000)
    .ARM.Collect$$libshutdown$$00000002      0x08000146   Section        0  libshutdown2.o(.ARM.Collect$$libshutdown$$00000002)
    .ARM.Collect$$libshutdown$$00000004      0x08000146   Section        0  libshutdown2.o(.ARM.Collect$$libshutdown$$00000004)
    .ARM.Collect$$libshutdown$$00000007      0x08000146   Section        0  libshutdown2.o(.ARM.Collect$$libshutdown$$00000007)
    .ARM.Collect$$libshutdown$$0000000A      0x08000146   Section        0  libshutdown2.o(.ARM.Collect$$libshutdown$$0000000A)
    .ARM.Collect$$libshutdown$$0000000C      0x08000146   Section        0  libshutdown2.o(.ARM.Collect$$libshutdown$$0000000C)
    .ARM.Collect$$libshutdown$$0000000F      0x08000146   Section        0  libshutdown2.o(.ARM.Collect$$libshutdown$$0000000F)
    .ARM.Collect$$libshutdown$$00000010      0x08000146   Section        2  libshutdown2.o(.ARM.Collect$$libshutdown$$00000010)
    .ARM.Collect$$rtentry$$00000000          0x08000148   Section        0  __rtentry.o(.ARM.Collect$$rtentry$$00000000)
    .ARM.Collect$$rtentry$$00000002          0x08000148   Section        0  __rtentry2.o(.ARM.Collect$$rtentry$$00000002)
    .ARM.Collect$$rtentry$$00000004          0x08000148   Section        6  __rtentry4.o(.ARM.Collect$$rtentry$$00000004)
    .ARM.Collect$$rtentry$$00000009          0x0800014e   Section        0  __rtentry2.o(.ARM.Collect$$rtentry$$00000009)
    .ARM.Collect$$rtentry$$0000000A          0x0800014e   Section        4  __rtentry2.o(.ARM.Collect$$rtentry$$0000000A)
    .ARM.Collect$$rtentry$$0000000C          0x08000152   Section        0  __rtentry2.o(.ARM.Collect$$rtentry$$0000000C)
    .ARM.Collect$$rtentry$$0000000D          0x08000152   Section        8  __rtentry2.o(.ARM.Collect$$rtentry$$0000000D)
    .ARM.Collect$$rtexit$$00000000           0x0800015a   Section        2  rtexit.o(.ARM.Collect$$rtexit$$00000000)
    .ARM.Collect$$rtexit$$00000002           0x0800015c   Section        0  rtexit2.o(.ARM.Collect$$rtexit$$00000002)
    .ARM.Collect$$rtexit$$00000003           0x0800015c   Section        4  rtexit2.o(.ARM.Collect$$rtexit$$00000003)
    .ARM.Collect$$rtexit$$00000004           0x08000160   Section        6  rtexit2.o(.ARM.Collect$$rtexit$$00000004)
    .text                                    0x08000168   Section       64  startup_at32f421.o(.text)
    .text                                    0x080001a8   Section        0  heapauxi.o(.text)
    .text                                    0x080001ae   Section       74  sys_stackheap_outer.o(.text)
    .text                                    0x080001f8   Section        0  exit.o(.text)
    .text                                    0x0800020c   Section        8  libspace.o(.text)
    .text                                    0x08000214   Section        0  sys_exit.o(.text)
    .text                                    0x08000220   Section        2  use_no_semi.o(.text)
    .text                                    0x08000222   Section        0  indicate_semi.o(.text)
    i.ADC1_CMP_IRQHandler                    0x08000224   Section        0  main.o(i.ADC1_CMP_IRQHandler)
    i.ADC_GetConversion                      0x0800028c   Section        0  main.o(i.ADC_GetConversion)
    i.PIN_FUN_STATE_GetValue                 0x080002ac   Section        0  main.o(i.PIN_FUN_STATE_GetValue)
    i.SystemInit                             0x080002b8   Section        0  system_at32f421.o(i.SystemInit)
    i.TMR6_GLOBAL_IRQHandler                 0x08000324   Section        0  main.o(i.TMR6_GLOBAL_IRQHandler)
    i.adc_base_config                        0x08000364   Section        0  at32f421_adc.o(i.adc_base_config)
    i.adc_base_default_para_init             0x08000390   Section        0  at32f421_adc.o(i.adc_base_default_para_init)
    i.adc_enable                             0x0800039e   Section        0  at32f421_adc.o(i.adc_enable)
    i.adc_interrupt_enable                   0x080003a8   Section        0  at32f421_adc.o(i.adc_interrupt_enable)
    i.adc_ordinary_channel_set               0x080003be   Section        0  at32f421_adc.o(i.adc_ordinary_channel_set)
    i.adc_ordinary_conversion_data_get       0x08000552   Section        0  at32f421_adc.o(i.adc_ordinary_conversion_data_get)
    i.adc_ordinary_conversion_trigger_set    0x0800055a   Section        0  at32f421_adc.o(i.adc_ordinary_conversion_trigger_set)
    i.autorotation_work                      0x08000590   Section        0  main.o(i.autorotation_work)
    i.beep_double                            0x0800060c   Section        0  main.o(i.beep_double)
    i.beep_long                              0x08000628   Section        0  main.o(i.beep_long)
    i.beep_short                             0x08000664   Section        0  main.o(i.beep_short)
    i.clear_alarm                            0x0800069c   Section        0  main.o(i.clear_alarm)
    i.close                                  0x080006bc   Section        0  main.o(i.close)
    i.crm_ahb_div_set                        0x08000738   Section        0  at32f421_crm.o(i.crm_ahb_div_set)
    i.crm_clock_source_enable                0x0800074c   Section        0  at32f421_crm.o(i.crm_clock_source_enable)
    i.crm_hick_divider_select                0x080007ac   Section        0  at32f421_crm.o(i.crm_hick_divider_select)
    i.crm_hick_sclk_frequency_select         0x080007c0   Section        0  at32f421_crm.o(i.crm_hick_sclk_frequency_select)
    i.crm_periph_clock_enable                0x080007dc   Section        0  at32f421_crm.o(i.crm_periph_clock_enable)
    i.flash_flag_clear                       0x08000820   Section        0  at32f421_flash.o(i.flash_flag_clear)
    i.flash_halfword_program                 0x0800082c   Section        0  at32f421_flash.o(i.flash_halfword_program)
    i.flash_lock                             0x08000870   Section        0  at32f421_flash.o(i.flash_lock)
    i.flash_operation_status_get             0x08000884   Section        0  at32f421_flash.o(i.flash_operation_status_get)
    i.flash_operation_wait_for               0x080008b8   Section        0  at32f421_flash.o(i.flash_operation_wait_for)
    i.flash_read                             0x080008dc   Section        0  flash.o(i.flash_read)
    i.flash_sector_erase                     0x080008f8   Section        0  at32f421_flash.o(i.flash_sector_erase)
    i.flash_unlock                           0x08000944   Section        0  at32f421_flash.o(i.flash_unlock)
    i.flash_write                            0x0800095c   Section        0  flash.o(i.flash_write)
    i.flash_write_nocheck                    0x08000a7c   Section        0  flash.o(i.flash_write_nocheck)
    i.fun_work                               0x08000ab4   Section        0  main.o(i.fun_work)
    i.get_fun                                0x08000b94   Section        0  main.o(i.get_fun)
    i.get_wsp                                0x08000c5c   Section        0  main.o(i.get_wsp)
    i.go_close                               0x08000d00   Section        0  main.o(i.go_close)
    i.go_open                                0x08000d88   Section        0  main.o(i.go_open)
    i.gpio_bits_reset                        0x08000df8   Section        0  at32f421_gpio.o(i.gpio_bits_reset)
    i.gpio_bits_set                          0x08000dfc   Section        0  at32f421_gpio.o(i.gpio_bits_set)
    i.gpio_bits_write                        0x08000e00   Section        0  at32f421_gpio.o(i.gpio_bits_write)
    i.gpio_init                              0x08000e0a   Section        0  at32f421_gpio.o(i.gpio_init)
    i.gpio_input_data_bit_read               0x08000e84   Section        0  at32f421_gpio.o(i.gpio_input_data_bit_read)
    i.gpio_set                               0x08000e96   Section        0  main.o(i.gpio_set)
    i.hardware_init                          0x08000ec8   Section        0  main.o(i.hardware_init)
    i.hardware_work                          0x08001028   Section        0  main.o(i.hardware_work)
    i.main                                   0x080010b8   Section        0  main.o(i.main)
    i.minute_tick                            0x08001128   Section        0  main.o(i.minute_tick)
    i.ms_100_work                            0x08001164   Section        0  main.o(i.ms_100_work)
    i.ms_200_work                            0x08001204   Section        0  main.o(i.ms_200_work)
    i.ms_tick                                0x08001280   Section        0  main.o(i.ms_tick)
    i.nvic_irq_enable                        0x0800133c   Section        0  at32f421_misc.o(i.nvic_irq_enable)
    i.open                                   0x08001404   Section        0  main.o(i.open)
    i.relay_tick                             0x08001448   Section        0  main.o(i.relay_tick)
    i.sec_30_work                            0x0800156c   Section        0  main.o(i.sec_30_work)
    i.sec_work                               0x080015a0   Section        0  main.o(i.sec_work)
    i.start_alarm                            0x080016a8   Section        0  main.o(i.start_alarm)
    i.start_setup                            0x08001704   Section        0  main.o(i.start_setup)
    i.start_tone                             0x08001794   Section        0  main.o(i.start_tone)
    i.stop_tone                              0x080017c4   Section        0  main.o(i.stop_tone)
    i.timer_init                             0x080017f0   Section        0  main.o(i.timer_init)
    i.tmr_base_init                          0x08001840   Section        0  at32f421_tmr.o(i.tmr_base_init)
    i.tmr_channel_buffer_enable              0x08001850   Section        0  at32f421_tmr.o(i.tmr_channel_buffer_enable)
    i.tmr_counter_enable                     0x0800185a   Section        0  at32f421_tmr.o(i.tmr_counter_enable)
    i.tmr_period_value_set                   0x08001864   Section        0  at32f421_tmr.o(i.tmr_period_value_set)
    i.wdt_counter_reload                     0x08001868   Section        0  at32f421_wdt.o(i.wdt_counter_reload)
    i.zummer_switch                          0x08001878   Section        0  main.o(i.zummer_switch)
    .data                                    0x20000000   Section       99  main.o(.data)
    ff                                       0x2000000c   Data           4  main.o(.data)
    iled                                     0x20000040   Data           1  main.o(.data)
    switch_sens_delay                        0x20000041   Data           1  main.o(.data)
    f                                        0x20000042   Data           1  main.o(.data)
    ms200_count                              0x20000048   Data           8  main.o(.data)
    ms100_count                              0x20000050   Data           8  main.o(.data)
    ms1000_count                             0x20000058   Data           8  main.o(.data)
    bad_measures_counter                     0x20000060   Data           1  main.o(.data)
    fun_counter                              0x20000061   Data           1  main.o(.data)
    i                                        0x20000062   Data           1  main.o(.data)
    .bss                                     0x20000064   Section     4096  main.o(.bss)
    .bss                                     0x20001064   Section     1024  flash.o(.bss)
    .bss                                     0x20001464   Section       96  libspace.o(.bss)
    HEAP                                     0x200014c8   Section      512  startup_at32f421.o(HEAP)
    Heap_Mem                                 0x200014c8   Data         512  startup_at32f421.o(HEAP)
    STACK                                    0x200016c8   Section     1024  startup_at32f421.o(STACK)
    Stack_Mem                                0x200016c8   Data        1024  startup_at32f421.o(STACK)
    __initial_sp                             0x20001ac8   Data           0  startup_at32f421.o(STACK)

    Global Symbols

    Symbol Name                              Value     Ov Type        Size  Object(Section)

    BuildAttributes$$THM_ISAv4$E$P$D$K$B$S$7EM$PE$A:L22UL41UL21$X:L11$S22US41US21$IEEE1$IW$USESV6$~STKCKD$USESV7$~SHL$OSPACE$ROPI$EBA8$UX$STANDARDLIB$REQ8$PRES8$EABIv2 0x00000000   Number         0  anon$$obj.o ABSOLUTE
    __ARM_use_no_argv                        0x00000000   Number         0  main.o ABSOLUTE
    __ARM_exceptions_init                     - Undefined Weak Reference
    __alloca_initialize                       - Undefined Weak Reference
    __arm_preinit_                            - Undefined Weak Reference
    __cpp_initialize__aeabi_                  - Undefined Weak Reference
    __cxa_finalize                            - Undefined Weak Reference
    __rt_locale                               - Undefined Weak Reference
    __sigvec_lookup                           - Undefined Weak Reference
    _atexit_init                              - Undefined Weak Reference
    _call_atexit_fns                          - Undefined Weak Reference
    _clock_init                               - Undefined Weak Reference
    _fp_trap_init                             - Undefined Weak Reference
    _fp_trap_shutdown                         - Undefined Weak Reference
    _get_lc_collate                           - Undefined Weak Reference
    _get_lc_ctype                             - Undefined Weak Reference
    _get_lc_monetary                          - Undefined Weak Reference
    _get_lc_numeric                           - Undefined Weak Reference
    _get_lc_time                              - Undefined Weak Reference
    _getenv_init                              - Undefined Weak Reference
    _handle_redirection                       - Undefined Weak Reference
    _init_alloc                               - Undefined Weak Reference
    _init_user_alloc                          - Undefined Weak Reference
    _initio                                   - Undefined Weak Reference
    _rand_init                                - Undefined Weak Reference
    _signal_finish                            - Undefined Weak Reference
    _signal_init                              - Undefined Weak Reference
    _terminate_alloc                          - Undefined Weak Reference
    _terminate_user_alloc                     - Undefined Weak Reference
    _terminateio                              - Undefined Weak Reference
    __Vectors_Size                           0x000000cc   Number         0  startup_at32f421.o ABSOLUTE
    __Vectors                                0x08000000   Data           4  startup_at32f421.o(RESET)
    __Vectors_End                            0x080000cc   Data           0  startup_at32f421.o(RESET)
    __main                                   0x080000cd   Thumb Code     8  __main.o(!!!main)
    __scatterload                            0x080000d5   Thumb Code     0  __scatter.o(!!!scatter)
    __scatterload_rt2                        0x080000d5   Thumb Code    44  __scatter.o(!!!scatter)
    __scatterload_rt2_thumb_only             0x080000d5   Thumb Code     0  __scatter.o(!!!scatter)
    __scatterload_null                       0x080000e3   Thumb Code     0  __scatter.o(!!!scatter)
    __scatterload_copy                       0x08000109   Thumb Code    26  __scatter_copy.o(!!handler_copy)
    __scatterload_zeroinit                   0x08000125   Thumb Code    28  __scatter_zi.o(!!handler_zi)
    __rt_lib_init                            0x08000141   Thumb Code     0  libinit.o(.ARM.Collect$$libinit$$00000000)
    __rt_lib_init_alloca_1                   0x08000143   Thumb Code     0  libinit2.o(.ARM.Collect$$libinit$$0000002E)
    __rt_lib_init_argv_1                     0x08000143   Thumb Code     0  libinit2.o(.ARM.Collect$$libinit$$0000002C)
    __rt_lib_init_atexit_1                   0x08000143   Thumb Code     0  libinit2.o(.ARM.Collect$$libinit$$0000001B)
    __rt_lib_init_clock_1                    0x08000143   Thumb Code     0  libinit2.o(.ARM.Collect$$libinit$$00000021)
    __rt_lib_init_cpp_1                      0x08000143   Thumb Code     0  libinit2.o(.ARM.Collect$$libinit$$00000032)
    __rt_lib_init_exceptions_1               0x08000143   Thumb Code     0  libinit2.o(.ARM.Collect$$libinit$$00000030)
    __rt_lib_init_fp_1                       0x08000143   Thumb Code     0  libinit2.o(.ARM.Collect$$libinit$$00000002)
    __rt_lib_init_fp_trap_1                  0x08000143   Thumb Code     0  libinit2.o(.ARM.Collect$$libinit$$0000001F)
    __rt_lib_init_getenv_1                   0x08000143   Thumb Code     0  libinit2.o(.ARM.Collect$$libinit$$00000023)
    __rt_lib_init_heap_1                     0x08000143   Thumb Code     0  libinit2.o(.ARM.Collect$$libinit$$0000000A)
    __rt_lib_init_lc_collate_1               0x08000143   Thumb Code     0  libinit2.o(.ARM.Collect$$libinit$$00000011)
    __rt_lib_init_lc_ctype_1                 0x08000143   Thumb Code     0  libinit2.o(.ARM.Collect$$libinit$$00000013)
    __rt_lib_init_lc_monetary_1              0x08000143   Thumb Code     0  libinit2.o(.ARM.Collect$$libinit$$00000015)
    __rt_lib_init_lc_numeric_1               0x08000143   Thumb Code     0  libinit2.o(.ARM.Collect$$libinit$$00000017)
    __rt_lib_init_lc_time_1                  0x08000143   Thumb Code     0  libinit2.o(.ARM.Collect$$libinit$$00000019)
    __rt_lib_init_preinit_1                  0x08000143   Thumb Code     0  libinit2.o(.ARM.Collect$$libinit$$00000004)
    __rt_lib_init_rand_1                     0x08000143   Thumb Code     0  libinit2.o(.ARM.Collect$$libinit$$0000000E)
    __rt_lib_init_return                     0x08000143   Thumb Code     0  libinit2.o(.ARM.Collect$$libinit$$00000033)
    __rt_lib_init_signal_1                   0x08000143   Thumb Code     0  libinit2.o(.ARM.Collect$$libinit$$0000001D)
    __rt_lib_init_stdio_1                    0x08000143   Thumb Code     0  libinit2.o(.ARM.Collect$$libinit$$00000025)
    __rt_lib_init_user_alloc_1               0x08000143   Thumb Code     0  libinit2.o(.ARM.Collect$$libinit$$0000000C)
    __rt_lib_shutdown                        0x08000145   Thumb Code     0  libshutdown.o(.ARM.Collect$$libshutdown$$00000000)
    __rt_lib_shutdown_cpp_1                  0x08000147   Thumb Code     0  libshutdown2.o(.ARM.Collect$$libshutdown$$00000002)
    __rt_lib_shutdown_fp_trap_1              0x08000147   Thumb Code     0  libshutdown2.o(.ARM.Collect$$libshutdown$$00000007)
    __rt_lib_shutdown_heap_1                 0x08000147   Thumb Code     0  libshutdown2.o(.ARM.Collect$$libshutdown$$0000000F)
    __rt_lib_shutdown_return                 0x08000147   Thumb Code     0  libshutdown2.o(.ARM.Collect$$libshutdown$$00000010)
    __rt_lib_shutdown_signal_1               0x08000147   Thumb Code     0  libshutdown2.o(.ARM.Collect$$libshutdown$$0000000A)
    __rt_lib_shutdown_stdio_1                0x08000147   Thumb Code     0  libshutdown2.o(.ARM.Collect$$libshutdown$$00000004)
    __rt_lib_shutdown_user_alloc_1           0x08000147   Thumb Code     0  libshutdown2.o(.ARM.Collect$$libshutdown$$0000000C)
    __rt_entry                               0x08000149   Thumb Code     0  __rtentry.o(.ARM.Collect$$rtentry$$00000000)
    __rt_entry_presh_1                       0x08000149   Thumb Code     0  __rtentry2.o(.ARM.Collect$$rtentry$$00000002)
    __rt_entry_sh                            0x08000149   Thumb Code     0  __rtentry4.o(.ARM.Collect$$rtentry$$00000004)
    __rt_entry_li                            0x0800014f   Thumb Code     0  __rtentry2.o(.ARM.Collect$$rtentry$$0000000A)
    __rt_entry_postsh_1                      0x0800014f   Thumb Code     0  __rtentry2.o(.ARM.Collect$$rtentry$$00000009)
    __rt_entry_main                          0x08000153   Thumb Code     0  __rtentry2.o(.ARM.Collect$$rtentry$$0000000D)
    __rt_entry_postli_1                      0x08000153   Thumb Code     0  __rtentry2.o(.ARM.Collect$$rtentry$$0000000C)
    __rt_exit                                0x0800015b   Thumb Code     0  rtexit.o(.ARM.Collect$$rtexit$$00000000)
    __rt_exit_ls                             0x0800015d   Thumb Code     0  rtexit2.o(.ARM.Collect$$rtexit$$00000003)
    __rt_exit_prels_1                        0x0800015d   Thumb Code     0  rtexit2.o(.ARM.Collect$$rtexit$$00000002)
    __rt_exit_exit                           0x08000161   Thumb Code     0  rtexit2.o(.ARM.Collect$$rtexit$$00000004)
    Reset_Handler                            0x08000169   Thumb Code     8  startup_at32f421.o(.text)
    NMI_Handler                              0x08000171   Thumb Code     2  startup_at32f421.o(.text)
    HardFault_Handler                        0x08000173   Thumb Code     2  startup_at32f421.o(.text)
    MemManage_Handler                        0x08000175   Thumb Code     2  startup_at32f421.o(.text)
    BusFault_Handler                         0x08000177   Thumb Code     2  startup_at32f421.o(.text)
    UsageFault_Handler                       0x08000179   Thumb Code     2  startup_at32f421.o(.text)
    SVC_Handler                              0x0800017b   Thumb Code     2  startup_at32f421.o(.text)
    DebugMon_Handler                         0x0800017d   Thumb Code     2  startup_at32f421.o(.text)
    PendSV_Handler                           0x0800017f   Thumb Code     2  startup_at32f421.o(.text)
    SysTick_Handler                          0x08000181   Thumb Code     2  startup_at32f421.o(.text)
    CRM_IRQHandler                           0x08000183   Thumb Code     0  startup_at32f421.o(.text)
    DMA1_Channel1_IRQHandler                 0x08000183   Thumb Code     0  startup_at32f421.o(.text)
    DMA1_Channel3_2_IRQHandler               0x08000183   Thumb Code     0  startup_at32f421.o(.text)
    DMA1_Channel5_4_IRQHandler               0x08000183   Thumb Code     0  startup_at32f421.o(.text)
    ERTC_IRQHandler                          0x08000183   Thumb Code     0  startup_at32f421.o(.text)
    EXINT15_4_IRQHandler                     0x08000183   Thumb Code     0  startup_at32f421.o(.text)
    EXINT1_0_IRQHandler                      0x08000183   Thumb Code     0  startup_at32f421.o(.text)
    EXINT3_2_IRQHandler                      0x08000183   Thumb Code     0  startup_at32f421.o(.text)
    FLASH_IRQHandler                         0x08000183   Thumb Code     0  startup_at32f421.o(.text)
    I2C1_ERR_IRQHandler                      0x08000183   Thumb Code     0  startup_at32f421.o(.text)
    I2C1_EVT_IRQHandler                      0x08000183   Thumb Code     0  startup_at32f421.o(.text)
    I2C2_ERR_IRQHandler                      0x08000183   Thumb Code     0  startup_at32f421.o(.text)
    I2C2_EVT_IRQHandler                      0x08000183   Thumb Code     0  startup_at32f421.o(.text)
    PVM_IRQHandler                           0x08000183   Thumb Code     0  startup_at32f421.o(.text)
    SPI1_IRQHandler                          0x08000183   Thumb Code     0  startup_at32f421.o(.text)
    SPI2_IRQHandler                          0x08000183   Thumb Code     0  startup_at32f421.o(.text)
    TMR14_GLOBAL_IRQHandler                  0x08000183   Thumb Code     0  startup_at32f421.o(.text)
    TMR15_GLOBAL_IRQHandler                  0x08000183   Thumb Code     0  startup_at32f421.o(.text)
    TMR16_GLOBAL_IRQHandler                  0x08000183   Thumb Code     0  startup_at32f421.o(.text)
    TMR17_GLOBAL_IRQHandler                  0x08000183   Thumb Code     0  startup_at32f421.o(.text)
    TMR1_BRK_OVF_TRG_HALL_IRQHandler         0x08000183   Thumb Code     0  startup_at32f421.o(.text)
    TMR1_CH_IRQHandler                       0x08000183   Thumb Code     0  startup_at32f421.o(.text)
    TMR3_GLOBAL_IRQHandler                   0x08000183   Thumb Code     0  startup_at32f421.o(.text)
    USART1_IRQHandler                        0x08000183   Thumb Code     0  startup_at32f421.o(.text)
    USART2_IRQHandler                        0x08000183   Thumb Code     0  startup_at32f421.o(.text)
    WWDT_IRQHandler                          0x08000183   Thumb Code     0  startup_at32f421.o(.text)
    __user_initial_stackheap                 0x08000185   Thumb Code     0  startup_at32f421.o(.text)
    __use_two_region_memory                  0x080001a9   Thumb Code     2  heapauxi.o(.text)
    __rt_heap_escrow$2region                 0x080001ab   Thumb Code     2  heapauxi.o(.text)
    __rt_heap_expand$2region                 0x080001ad   Thumb Code     2  heapauxi.o(.text)
    __user_setup_stackheap                   0x080001af   Thumb Code    74  sys_stackheap_outer.o(.text)
    exit                                     0x080001f9   Thumb Code    18  exit.o(.text)
    __user_libspace                          0x0800020d   Thumb Code     8  libspace.o(.text)
    __user_perproc_libspace                  0x0800020d   Thumb Code     0  libspace.o(.text)
    __user_perthread_libspace                0x0800020d   Thumb Code     0  libspace.o(.text)
    _sys_exit                                0x08000215   Thumb Code     8  sys_exit.o(.text)
    __I$use$semihosting                      0x08000221   Thumb Code     0  use_no_semi.o(.text)
    __use_no_semihosting_swi                 0x08000221   Thumb Code     2  use_no_semi.o(.text)
    __semihosting_library_function           0x08000223   Thumb Code     0  indicate_semi.o(.text)
    ADC1_CMP_IRQHandler                      0x08000225   Thumb Code    74  main.o(i.ADC1_CMP_IRQHandler)
    ADC_GetConversion                        0x0800028d   Thumb Code    24  main.o(i.ADC_GetConversion)
    PIN_FUN_STATE_GetValue                   0x080002ad   Thumb Code     6  main.o(i.PIN_FUN_STATE_GetValue)
    SystemInit                               0x080002b9   Thumb Code    96  system_at32f421.o(i.SystemInit)
    TMR6_GLOBAL_IRQHandler                   0x08000325   Thumb Code    56  main.o(i.TMR6_GLOBAL_IRQHandler)
    adc_base_config                          0x08000365   Thumb Code    44  at32f421_adc.o(i.adc_base_config)
    adc_base_default_para_init               0x08000391   Thumb Code    14  at32f421_adc.o(i.adc_base_default_para_init)
    adc_enable                               0x0800039f   Thumb Code    10  at32f421_adc.o(i.adc_enable)
    adc_interrupt_enable                     0x080003a9   Thumb Code    22  at32f421_adc.o(i.adc_interrupt_enable)
    adc_ordinary_channel_set                 0x080003bf   Thumb Code   404  at32f421_adc.o(i.adc_ordinary_channel_set)
    adc_ordinary_conversion_data_get         0x08000553   Thumb Code     8  at32f421_adc.o(i.adc_ordinary_conversion_data_get)
    adc_ordinary_conversion_trigger_set      0x0800055b   Thumb Code    52  at32f421_adc.o(i.adc_ordinary_conversion_trigger_set)
    autorotation_work                        0x08000591   Thumb Code   110  main.o(i.autorotation_work)
    beep_double                              0x0800060d   Thumb Code    24  main.o(i.beep_double)
    beep_long                                0x08000629   Thumb Code    48  main.o(i.beep_long)
    beep_short                               0x08000665   Thumb Code    44  main.o(i.beep_short)
    clear_alarm                              0x0800069d   Thumb Code    26  main.o(i.clear_alarm)
    close                                    0x080006bd   Thumb Code   106  main.o(i.close)
    crm_ahb_div_set                          0x08000739   Thumb Code    14  at32f421_crm.o(i.crm_ahb_div_set)
    crm_clock_source_enable                  0x0800074d   Thumb Code    90  at32f421_crm.o(i.crm_clock_source_enable)
    crm_hick_divider_select                  0x080007ad   Thumb Code    14  at32f421_crm.o(i.crm_hick_divider_select)
    crm_hick_sclk_frequency_select           0x080007c1   Thumb Code    24  at32f421_crm.o(i.crm_hick_sclk_frequency_select)
    crm_periph_clock_enable                  0x080007dd   Thumb Code    62  at32f421_crm.o(i.crm_periph_clock_enable)
    flash_flag_clear                         0x08000821   Thumb Code     6  at32f421_flash.o(i.flash_flag_clear)
    flash_halfword_program                   0x0800082d   Thumb Code    64  at32f421_flash.o(i.flash_halfword_program)
    flash_lock                               0x08000871   Thumb Code    16  at32f421_flash.o(i.flash_lock)
    flash_operation_status_get               0x08000885   Thumb Code    48  at32f421_flash.o(i.flash_operation_status_get)
    flash_operation_wait_for                 0x080008b9   Thumb Code    36  at32f421_flash.o(i.flash_operation_wait_for)
    flash_read                               0x080008dd   Thumb Code    26  flash.o(i.flash_read)
    flash_sector_erase                       0x080008f9   Thumb Code    72  at32f421_flash.o(i.flash_sector_erase)
    flash_unlock                             0x08000945   Thumb Code    12  at32f421_flash.o(i.flash_unlock)
    flash_write                              0x0800095d   Thumb Code   284  flash.o(i.flash_write)
    flash_write_nocheck                      0x08000a7d   Thumb Code    56  flash.o(i.flash_write_nocheck)
    fun_work                                 0x08000ab5   Thumb Code   214  main.o(i.fun_work)
    get_fun                                  0x08000b95   Thumb Code   190  main.o(i.get_fun)
    get_wsp                                  0x08000c5d   Thumb Code   148  main.o(i.get_wsp)
    go_close                                 0x08000d01   Thumb Code   116  main.o(i.go_close)
    go_open                                  0x08000d89   Thumb Code   102  main.o(i.go_open)
    gpio_bits_reset                          0x08000df9   Thumb Code     4  at32f421_gpio.o(i.gpio_bits_reset)
    gpio_bits_set                            0x08000dfd   Thumb Code     4  at32f421_gpio.o(i.gpio_bits_set)
    gpio_bits_write                          0x08000e01   Thumb Code    10  at32f421_gpio.o(i.gpio_bits_write)
    gpio_init                                0x08000e0b   Thumb Code   122  at32f421_gpio.o(i.gpio_init)
    gpio_input_data_bit_read                 0x08000e85   Thumb Code    18  at32f421_gpio.o(i.gpio_input_data_bit_read)
    gpio_set                                 0x08000e97   Thumb Code    48  main.o(i.gpio_set)
    hardware_init                            0x08000ec9   Thumb Code   326  main.o(i.hardware_init)
    hardware_work                            0x08001029   Thumb Code   134  main.o(i.hardware_work)
    main                                     0x080010b9   Thumb Code    98  main.o(i.main)
    minute_tick                              0x08001129   Thumb Code    50  main.o(i.minute_tick)
    ms_100_work                              0x08001165   Thumb Code   140  main.o(i.ms_100_work)
    ms_200_work                              0x08001205   Thumb Code   112  main.o(i.ms_200_work)
    ms_tick                                  0x08001281   Thumb Code   166  main.o(i.ms_tick)
    nvic_irq_enable                          0x0800133d   Thumb Code   190  at32f421_misc.o(i.nvic_irq_enable)
    open                                     0x08001405   Thumb Code    64  main.o(i.open)
    relay_tick                               0x08001449   Thumb Code   262  main.o(i.relay_tick)
    sec_30_work                              0x0800156d   Thumb Code    42  main.o(i.sec_30_work)
    sec_work                                 0x080015a1   Thumb Code   244  main.o(i.sec_work)
    start_alarm                              0x080016a9   Thumb Code    82  main.o(i.start_alarm)
    start_setup                              0x08001705   Thumb Code   112  main.o(i.start_setup)
    start_tone                               0x08001795   Thumb Code    42  main.o(i.start_tone)
    stop_tone                                0x080017c5   Thumb Code    38  main.o(i.stop_tone)
    timer_init                               0x080017f1   Thumb Code    76  main.o(i.timer_init)
    tmr_base_init                            0x08001841   Thumb Code    16  at32f421_tmr.o(i.tmr_base_init)
    tmr_channel_buffer_enable                0x08001851   Thumb Code    10  at32f421_tmr.o(i.tmr_channel_buffer_enable)
    tmr_counter_enable                       0x0800185b   Thumb Code    10  at32f421_tmr.o(i.tmr_counter_enable)
    tmr_period_value_set                     0x08001865   Thumb Code     4  at32f421_tmr.o(i.tmr_period_value_set)
    wdt_counter_reload                       0x08001869   Thumb Code    10  at32f421_wdt.o(i.wdt_counter_reload)
    zummer_switch                            0x08001879   Thumb Code    76  main.o(i.zummer_switch)
    Region$$Table$$Base                      0x080018c8   Number         0  anon$$obj.o(Region$$Table)
    Region$$Table$$Limit                     0x080018e8   Number         0  anon$$obj.o(Region$$Table)
    BAD_WSP_VOLTAGE                          0x20000000   Data           2  main.o(.data)
    GOOD_WSP_VOLTAGE                         0x20000002   Data           2  main.o(.data)
    adc_result_0                             0x20000004   Data           2  main.o(.data)
    adc_result_1                             0x20000006   Data           2  main.o(.data)
    fun_result                               0x20000008   Data           1  main.o(.data)
    sensor_index                             0x20000009   Data           1  main.o(.data)
    time_rotation                            0x20000010   Data           4  main.o(.data)
    time_relay_power                         0x20000014   Data           4  main.o(.data)
    time_relay_control                       0x20000018   Data           4  main.o(.data)
    time_relay_gap                           0x2000001c   Data           4  main.o(.data)
    tone_gap_millis                          0x20000020   Data           8  main.o(.data)
    sec_count                                0x20000028   Data           1  main.o(.data)
    time_melody                              0x20000029   Data           1  main.o(.data)
    time_moving_wait                         0x2000002a   Data           1  main.o(.data)
    millis                                   0x20000030   Data           8  main.o(.data)
    ms_tone_delay                            0x20000038   Data           4  main.o(.data)
    beep_short_count                         0x2000003c   Data           1  main.o(.data)
    beep_long_count                          0x2000003d   Data           1  main.o(.data)
    beep_double_count                        0x2000003e   Data           1  main.o(.data)
    err_status                               0x2000003f   Data           1  main.o(.data)
    buffer_write                             0x20000064   Data        2048  main.o(.bss)
    buffer_read                              0x20000864   Data        2048  main.o(.bss)
    flash_buf                                0x20001064   Data        1024  flash.o(.bss)
    __libspace_start                         0x20001464   Data          96  libspace.o(.bss)
    __temporary_stack_top$libspace           0x200014c4   Data           0  libspace.o(.bss)



==============================================================================

Memory Map of the image

  Image Entry point : 0x080000cd

  Load Region LR_IROM1 (Base: 0x08000000, Size: 0x0000194c, Max: 0x00010000, ABSOLUTE)

    Execution Region ER_IROM1 (Exec base: 0x08000000, Load base: 0x08000000, Size: 0x000018e8, Max: 0x00010000, ABSOLUTE)

    Exec Addr    Load Addr    Size         Type   Attr      Idx    E Section Name        Object

    0x08000000   0x08000000   0x000000cc   Data   RO         1344    RESET               startup_at32f421.o
    0x080000cc   0x080000cc   0x00000008   Code   RO         1615  * !!!main             c_w.l(__main.o)
    0x080000d4   0x080000d4   0x00000034   Code   RO         1782    !!!scatter          c_w.l(__scatter.o)
    0x08000108   0x08000108   0x0000001a   Code   RO         1784    !!handler_copy      c_w.l(__scatter_copy.o)
    0x08000122   0x08000122   0x00000002   PAD
    0x08000124   0x08000124   0x0000001c   Code   RO         1786    !!handler_zi        c_w.l(__scatter_zi.o)
    0x08000140   0x08000140   0x00000002   Code   RO         1652    .ARM.Collect$$libinit$$00000000  c_w.l(libinit.o)
    0x08000142   0x08000142   0x00000000   Code   RO         1665    .ARM.Collect$$libinit$$00000002  c_w.l(libinit2.o)
    0x08000142   0x08000142   0x00000000   Code   RO         1667    .ARM.Collect$$libinit$$00000004  c_w.l(libinit2.o)
    0x08000142   0x08000142   0x00000000   Code   RO         1670    .ARM.Collect$$libinit$$0000000A  c_w.l(libinit2.o)
    0x08000142   0x08000142   0x00000000   Code   RO         1672    .ARM.Collect$$libinit$$0000000C  c_w.l(libinit2.o)
    0x08000142   0x08000142   0x00000000   Code   RO         1674    .ARM.Collect$$libinit$$0000000E  c_w.l(libinit2.o)
    0x08000142   0x08000142   0x00000000   Code   RO         1677    .ARM.Collect$$libinit$$00000011  c_w.l(libinit2.o)
    0x08000142   0x08000142   0x00000000   Code   RO         1679    .ARM.Collect$$libinit$$00000013  c_w.l(libinit2.o)
    0x08000142   0x08000142   0x00000000   Code   RO         1681    .ARM.Collect$$libinit$$00000015  c_w.l(libinit2.o)
    0x08000142   0x08000142   0x00000000   Code   RO         1683    .ARM.Collect$$libinit$$00000017  c_w.l(libinit2.o)
    0x08000142   0x08000142   0x00000000   Code   RO         1685    .ARM.Collect$$libinit$$00000019  c_w.l(libinit2.o)
    0x08000142   0x08000142   0x00000000   Code   RO         1687    .ARM.Collect$$libinit$$0000001B  c_w.l(libinit2.o)
    0x08000142   0x08000142   0x00000000   Code   RO         1689    .ARM.Collect$$libinit$$0000001D  c_w.l(libinit2.o)
    0x08000142   0x08000142   0x00000000   Code   RO         1691    .ARM.Collect$$libinit$$0000001F  c_w.l(libinit2.o)
    0x08000142   0x08000142   0x00000000   Code   RO         1693    .ARM.Collect$$libinit$$00000021  c_w.l(libinit2.o)
    0x08000142   0x08000142   0x00000000   Code   RO         1695    .ARM.Collect$$libinit$$00000023  c_w.l(libinit2.o)
    0x08000142   0x08000142   0x00000000   Code   RO         1697    .ARM.Collect$$libinit$$00000025  c_w.l(libinit2.o)
    0x08000142   0x08000142   0x00000000   Code   RO         1701    .ARM.Collect$$libinit$$0000002C  c_w.l(libinit2.o)
    0x08000142   0x08000142   0x00000000   Code   RO         1703    .ARM.Collect$$libinit$$0000002E  c_w.l(libinit2.o)
    0x08000142   0x08000142   0x00000000   Code   RO         1705    .ARM.Collect$$libinit$$00000030  c_w.l(libinit2.o)
    0x08000142   0x08000142   0x00000000   Code   RO         1707    .ARM.Collect$$libinit$$00000032  c_w.l(libinit2.o)
    0x08000142   0x08000142   0x00000002   Code   RO         1708    .ARM.Collect$$libinit$$00000033  c_w.l(libinit2.o)
    0x08000144   0x08000144   0x00000002   Code   RO         1739    .ARM.Collect$$libshutdown$$00000000  c_w.l(libshutdown.o)
    0x08000146   0x08000146   0x00000000   Code   RO         1765    .ARM.Collect$$libshutdown$$00000002  c_w.l(libshutdown2.o)
    0x08000146   0x08000146   0x00000000   Code   RO         1767    .ARM.Collect$$libshutdown$$00000004  c_w.l(libshutdown2.o)
    0x08000146   0x08000146   0x00000000   Code   RO         1770    .ARM.Collect$$libshutdown$$00000007  c_w.l(libshutdown2.o)
    0x08000146   0x08000146   0x00000000   Code   RO         1773    .ARM.Collect$$libshutdown$$0000000A  c_w.l(libshutdown2.o)
    0x08000146   0x08000146   0x00000000   Code   RO         1775    .ARM.Collect$$libshutdown$$0000000C  c_w.l(libshutdown2.o)
    0x08000146   0x08000146   0x00000000   Code   RO         1778    .ARM.Collect$$libshutdown$$0000000F  c_w.l(libshutdown2.o)
    0x08000146   0x08000146   0x00000002   Code   RO         1779    .ARM.Collect$$libshutdown$$00000010  c_w.l(libshutdown2.o)
    0x08000148   0x08000148   0x00000000   Code   RO         1617    .ARM.Collect$$rtentry$$00000000  c_w.l(__rtentry.o)
    0x08000148   0x08000148   0x00000000   Code   RO         1623    .ARM.Collect$$rtentry$$00000002  c_w.l(__rtentry2.o)
    0x08000148   0x08000148   0x00000006   Code   RO         1635    .ARM.Collect$$rtentry$$00000004  c_w.l(__rtentry4.o)
    0x0800014e   0x0800014e   0x00000000   Code   RO         1625    .ARM.Collect$$rtentry$$00000009  c_w.l(__rtentry2.o)
    0x0800014e   0x0800014e   0x00000004   Code   RO         1626    .ARM.Collect$$rtentry$$0000000A  c_w.l(__rtentry2.o)
    0x08000152   0x08000152   0x00000000   Code   RO         1628    .ARM.Collect$$rtentry$$0000000C  c_w.l(__rtentry2.o)
    0x08000152   0x08000152   0x00000008   Code   RO         1629    .ARM.Collect$$rtentry$$0000000D  c_w.l(__rtentry2.o)
    0x0800015a   0x0800015a   0x00000002   Code   RO         1656    .ARM.Collect$$rtexit$$00000000  c_w.l(rtexit.o)
    0x0800015c   0x0800015c   0x00000000   Code   RO         1712    .ARM.Collect$$rtexit$$00000002  c_w.l(rtexit2.o)
    0x0800015c   0x0800015c   0x00000004   Code   RO         1713    .ARM.Collect$$rtexit$$00000003  c_w.l(rtexit2.o)
    0x08000160   0x08000160   0x00000006   Code   RO         1714    .ARM.Collect$$rtexit$$00000004  c_w.l(rtexit2.o)
    0x08000166   0x08000166   0x00000002   PAD
    0x08000168   0x08000168   0x00000040   Code   RO         1345    .text               startup_at32f421.o
    0x080001a8   0x080001a8   0x00000006   Code   RO         1613    .text               c_w.l(heapauxi.o)
    0x080001ae   0x080001ae   0x0000004a   Code   RO         1639    .text               c_w.l(sys_stackheap_outer.o)
    0x080001f8   0x080001f8   0x00000012   Code   RO         1641    .text               c_w.l(exit.o)
    0x0800020a   0x0800020a   0x00000002   PAD
    0x0800020c   0x0800020c   0x00000008   Code   RO         1653    .text               c_w.l(libspace.o)
    0x08000214   0x08000214   0x0000000c   Code   RO         1709    .text               c_w.l(sys_exit.o)
    0x08000220   0x08000220   0x00000002   Code   RO         1728    .text               c_w.l(use_no_semi.o)
    0x08000222   0x08000222   0x00000000   Code   RO         1730    .text               c_w.l(indicate_semi.o)
    0x08000222   0x08000222   0x00000002   PAD
    0x08000224   0x08000224   0x00000068   Code   RO            4    i.ADC1_CMP_IRQHandler  main.o
    0x0800028c   0x0800028c   0x00000020   Code   RO            5    i.ADC_GetConversion  main.o
    0x080002ac   0x080002ac   0x0000000c   Code   RO            6    i.PIN_FUN_STATE_GetValue  main.o
    0x080002b8   0x080002b8   0x0000006c   Code   RO         1352    i.SystemInit        system_at32f421.o
    0x08000324   0x08000324   0x00000040   Code   RO            7    i.TMR6_GLOBAL_IRQHandler  main.o
    0x08000364   0x08000364   0x0000002c   Code   RO          359    i.adc_base_config   at32f421_adc.o
    0x08000390   0x08000390   0x0000000e   Code   RO          360    i.adc_base_default_para_init  at32f421_adc.o
    0x0800039e   0x0800039e   0x0000000a   Code   RO          366    i.adc_enable        at32f421_adc.o
    0x080003a8   0x080003a8   0x00000016   Code   RO          369    i.adc_interrupt_enable  at32f421_adc.o
    0x080003be   0x080003be   0x00000194   Code   RO          370    i.adc_ordinary_channel_set  at32f421_adc.o
    0x08000552   0x08000552   0x00000008   Code   RO          371    i.adc_ordinary_conversion_data_get  at32f421_adc.o
    0x0800055a   0x0800055a   0x00000034   Code   RO          372    i.adc_ordinary_conversion_trigger_set  at32f421_adc.o
    0x0800058e   0x0800058e   0x00000002   PAD
    0x08000590   0x08000590   0x0000007c   Code   RO            8    i.autorotation_work  main.o
    0x0800060c   0x0800060c   0x0000001c   Code   RO            9    i.beep_double       main.o
    0x08000628   0x08000628   0x0000003c   Code   RO           10    i.beep_long         main.o
    0x08000664   0x08000664   0x00000038   Code   RO           11    i.beep_short        main.o
    0x0800069c   0x0800069c   0x00000020   Code   RO           12    i.clear_alarm       main.o
    0x080006bc   0x080006bc   0x0000007c   Code   RO           13    i.close             main.o
    0x08000738   0x08000738   0x00000014   Code   RO          573    i.crm_ahb_div_set   at32f421_crm.o
    0x0800074c   0x0800074c   0x00000060   Code   RO          581    i.crm_clock_source_enable  at32f421_crm.o
    0x080007ac   0x080007ac   0x00000014   Code   RO          591    i.crm_hick_divider_select  at32f421_crm.o
    0x080007c0   0x080007c0   0x0000001c   Code   RO          592    i.crm_hick_sclk_frequency_select  at32f421_crm.o
    0x080007dc   0x080007dc   0x00000044   Code   RO          595    i.crm_periph_clock_enable  at32f421_crm.o
    0x08000820   0x08000820   0x0000000c   Code   RO         1401    i.flash_flag_clear  at32f421_flash.o
    0x0800082c   0x0800082c   0x00000044   Code   RO         1403    i.flash_halfword_program  at32f421_flash.o
    0x08000870   0x08000870   0x00000014   Code   RO         1406    i.flash_lock        at32f421_flash.o
    0x08000884   0x08000884   0x00000034   Code   RO         1408    i.flash_operation_status_get  at32f421_flash.o
    0x080008b8   0x080008b8   0x00000024   Code   RO         1409    i.flash_operation_wait_for  at32f421_flash.o
    0x080008dc   0x080008dc   0x0000001a   Code   RO          320    i.flash_read        flash.o
    0x080008f6   0x080008f6   0x00000002   PAD
    0x080008f8   0x080008f8   0x0000004c   Code   RO         1410    i.flash_sector_erase  at32f421_flash.o
    0x08000944   0x08000944   0x00000018   Code   RO         1419    i.flash_unlock      at32f421_flash.o
    0x0800095c   0x0800095c   0x00000120   Code   RO          321    i.flash_write       flash.o
    0x08000a7c   0x08000a7c   0x00000038   Code   RO          322    i.flash_write_nocheck  flash.o
    0x08000ab4   0x08000ab4   0x000000e0   Code   RO           14    i.fun_work          main.o
    0x08000b94   0x08000b94   0x000000c8   Code   RO           15    i.get_fun           main.o
    0x08000c5c   0x08000c5c   0x000000a4   Code   RO           16    i.get_wsp           main.o
    0x08000d00   0x08000d00   0x00000088   Code   RO           17    i.go_close          main.o
    0x08000d88   0x08000d88   0x00000070   Code   RO           18    i.go_open           main.o
    0x08000df8   0x08000df8   0x00000004   Code   RO          777    i.gpio_bits_reset   at32f421_gpio.o
    0x08000dfc   0x08000dfc   0x00000004   Code   RO          778    i.gpio_bits_set     at32f421_gpio.o
    0x08000e00   0x08000e00   0x0000000a   Code   RO          779    i.gpio_bits_write   at32f421_gpio.o
    0x08000e0a   0x08000e0a   0x0000007a   Code   RO          781    i.gpio_init         at32f421_gpio.o
    0x08000e84   0x08000e84   0x00000012   Code   RO          782    i.gpio_input_data_bit_read  at32f421_gpio.o
    0x08000e96   0x08000e96   0x00000030   Code   RO           19    i.gpio_set          main.o
    0x08000ec6   0x08000ec6   0x00000002   PAD
    0x08000ec8   0x08000ec8   0x00000160   Code   RO           20    i.hardware_init     main.o
    0x08001028   0x08001028   0x00000090   Code   RO           21    i.hardware_work     main.o
    0x080010b8   0x080010b8   0x00000070   Code   RO           22    i.main              main.o
    0x08001128   0x08001128   0x0000003c   Code   RO           23    i.minute_tick       main.o
    0x08001164   0x08001164   0x000000a0   Code   RO           24    i.ms_100_work       main.o
    0x08001204   0x08001204   0x0000007c   Code   RO           25    i.ms_200_work       main.o
    0x08001280   0x08001280   0x000000bc   Code   RO           26    i.ms_tick           main.o
    0x0800133c   0x0800133c   0x000000c8   Code   RO          880    i.nvic_irq_enable   at32f421_misc.o
    0x08001404   0x08001404   0x00000044   Code   RO           27    i.open              main.o
    0x08001448   0x08001448   0x00000124   Code   RO           28    i.relay_tick        main.o
    0x0800156c   0x0800156c   0x00000034   Code   RO           29    i.sec_30_work       main.o
    0x080015a0   0x080015a0   0x00000108   Code   RO           30    i.sec_work          main.o
    0x080016a8   0x080016a8   0x0000005c   Code   RO           31    i.start_alarm       main.o
    0x08001704   0x08001704   0x00000090   Code   RO           32    i.start_setup       main.o
    0x08001794   0x08001794   0x00000030   Code   RO           33    i.start_tone        main.o
    0x080017c4   0x080017c4   0x0000002c   Code   RO           34    i.stop_tone         main.o
    0x080017f0   0x080017f0   0x00000050   Code   RO           35    i.timer_init        main.o
    0x08001840   0x08001840   0x00000010   Code   RO          943    i.tmr_base_init     at32f421_tmr.o
    0x08001850   0x08001850   0x0000000a   Code   RO          947    i.tmr_channel_buffer_enable  at32f421_tmr.o
    0x0800185a   0x0800185a   0x0000000a   Code   RO          954    i.tmr_counter_enable  at32f421_tmr.o
    0x08001864   0x08001864   0x00000004   Code   RO          990    i.tmr_period_value_set  at32f421_tmr.o
    0x08001868   0x08001868   0x00000010   Code   RO         1291    i.wdt_counter_reload  at32f421_wdt.o
    0x08001878   0x08001878   0x00000050   Code   RO           36    i.zummer_switch     main.o
    0x080018c8   0x080018c8   0x00000020   Data   RO         1780    Region$$Table       anon$$obj.o


    Execution Region RW_IRAM1 (Exec base: 0x20000000, Load base: 0x080018e8, Size: 0x00001ac8, Max: 0x00004000, ABSOLUTE)

    Exec Addr    Load Addr    Size         Type   Attr      Idx    E Section Name        Object

    0x20000000   0x080018e8   0x00000063   Data   RW           39    .data               main.o
    0x20000063   0x0800194b   0x00000001   PAD
    0x20000064        -       0x00001000   Zero   RW           37    .bss                main.o
    0x20001064        -       0x00000400   Zero   RW          323    .bss                flash.o
    0x20001464        -       0x00000060   Zero   RW         1654    .bss                c_w.l(libspace.o)
    0x200014c4   0x0800194b   0x00000004   PAD
    0x200014c8        -       0x00000200   Zero   RW         1343    HEAP                startup_at32f421.o
    0x200016c8        -       0x00000400   Zero   RW         1342    STACK               startup_at32f421.o


==============================================================================

Image component sizes


      Code (inc. data)   RO Data    RW Data    ZI Data      Debug   Object Name

       554         36          0          0          0       4487   at32f421_adc.o
       232         34          0          0          0       2657   at32f421_crm.o
       288         34          0          0          0       3793   at32f421_flash.o
       158          0          0          0          0       3167   at32f421_gpio.o
       200         10          0          0          0      31221   at32f421_misc.o
        40          0          0          0          0       2476   at32f421_tmr.o
        16          6          0          0          0        449   at32f421_wdt.o
       370          4          0          0       1024       2881   flash.o
      3824        424          0         99       4096      63079   main.o
        64         26        204          0       1536        804   startup_at32f421.o
       108         12          0          0          0        485   system_at32f421.o

    ----------------------------------------------------------------------
      5860        586        236        100       6656     115499   Object Totals
         0          0         32          0          0          0   (incl. Generated)
         6          0          0          1          0          0   (incl. Padding)

    ----------------------------------------------------------------------

      Code (inc. data)   RO Data    RW Data    ZI Data      Debug   Library Member Name

         8          0          0          0          0         68   __main.o
         0          0          0          0          0          0   __rtentry.o
        12          0          0          0          0          0   __rtentry2.o
         6          0          0          0          0          0   __rtentry4.o
        52          8          0          0          0          0   __scatter.o
        26          0          0          0          0          0   __scatter_copy.o
        28          0          0          0          0          0   __scatter_zi.o
        18          0          0          0          0         80   exit.o
         6          0          0          0          0        152   heapauxi.o
         0          0          0          0          0          0   indicate_semi.o
         2          0          0          0          0          0   libinit.o
         2          0          0          0          0          0   libinit2.o
         2          0          0          0          0          0   libshutdown.o
         2          0          0          0          0          0   libshutdown2.o
         8          4          0          0         96         68   libspace.o
         2          0          0          0          0          0   rtexit.o
        10          0          0          0          0          0   rtexit2.o
        12          4          0          0          0         68   sys_exit.o
        74          0          0          0          0         80   sys_stackheap_outer.o
         2          0          0          0          0         68   use_no_semi.o

    ----------------------------------------------------------------------
       280         16          0          0        100        584   Library Totals
         8          0          0          0          4          0   (incl. Padding)

    ----------------------------------------------------------------------

      Code (inc. data)   RO Data    RW Data    ZI Data      Debug   Library Name

       272         16          0          0         96        584   c_w.l

    ----------------------------------------------------------------------
       280         16          0          0        100        584   Library Totals

    ----------------------------------------------------------------------

==============================================================================


      Code (inc. data)   RO Data    RW Data    ZI Data      Debug   

      6140        602        236        100       6756     112647   Grand Totals
      6140        602        236        100       6756     112647   ELF Image Totals
      6140        602        236        100          0          0   ROM Totals

==============================================================================

    Total RO  Size (Code + RO Data)                 6376 (   6.23kB)
    Total RW  Size (RW Data + ZI Data)              6856 (   6.70kB)
    Total ROM Size (Code + RO Data + RW Data)       6476 (   6.32kB)

==============================================================================

